HI-TECH Software C Compiler 

Linker command line:

--edf=C:\Program Files (x86)\HI-TECH Software\PICC\9.82\dat\en_msgs.txt -cs \
  -h+password.sym -z -w9 -Q16F877A -Mpassword.map -E1 -ACONST=00h-0FFhx32 \
  -ACODE=00h-07FFhx4 -ASTRCODE=00h-01FFFh -AENTRY=00h-0FFhx32 \
  -ASTRING=00h-0FFhx32 -ABANK0=020h-06Fh -ABANK1=0A0h-0EFh \
  -ABANK2=0110h-016Fh -ABANK3=0190h-01EFh \
  -ARAM=020h-06Fh,0A0h-0EFh,0110h-016Fh,0190h-01EFh \
  -AABS1=020h-07Fh,0A0h-0EFh,0110h-016Fh,0190h-01EFh -ACOMMON=070h-07Fh \
  -ASFR0=00h-01Fh -ASFR1=080h-09Fh -ASFR2=0100h-010Fh -ASFR3=0180h-018Fh \
  -preset_vec=00h,intentry,init,end_init -ppowerup=CODE -pfunctab=CODE \
  -ACONFIG=02007h-02007h -pconfig=CONFIG -DCONFIG=2 -AIDLOC=02000h-02003h \
  -pidloc=IDLOC -DIDLOC=2 -AEEDATA=00h-0FFh/02100h -peeprom_data=EEDATA \
  -DEEDATA=2 -DCODE=2 -DSTRCODE=2 -DSTRING=2 -DCONST=2 -DENTRY=2 -k \
  startup.obj password.obj 

Object code version is 3.10

Machine type is 16F877A



                Name                               Link     Load   Length Selector   Space Scale
startup.obj     end_init                              0        0        3        0       0
password.obj    config                             2007     2007        1     400E       0
                text171                             5EF      5EF       14      BDE       0
                text170                             61C      61C       1D      C38       0
                text169                             603      603       19      C06       0
                text168                             639      639       23      C72       0
                text167                             681      681       29      D02       0
                maintext                            6AA      6AA      156      D54       0
                cstackCOMMON                         70       70        D       70       1
                dataBANK0                            20       20        5       20       1
                bssBANK0                             25       25        2       20       1
                bssCOMMON                            7D       7D        1       70       1
                cinit                               65C      65C       25      CB8       0
                strings                               3        3       13        6       0
                idataBANK0                          5EA      5EA        5      BD4       0

TOTAL           Name                               Link     Load   Length     Space
        CLASS   CONST          

        CLASS   CODE           
                end_init                              0        0        3         0
                text171                             5EF      5EF       14         0
                text170                             61C      61C       1D         0
                text169                             603      603       19         0
                text168                             639      639       23         0
                text167                             681      681       29         0
                maintext                            6AA      6AA      156         0
                cinit                               65C      65C       25         0
                idataBANK0                          5EA      5EA        5         0

        CLASS   STRCODE        

        CLASS   ENTRY          

        CLASS   STRING         
                strings                               3        3       13         0

        CLASS   BANK0          
                dataBANK0                            20       20        5         1
                bssBANK0                             25       25        2         1

        CLASS   BANK1          

        CLASS   BANK2          

        CLASS   BANK3          

        CLASS   RAM            

        CLASS   ABS1           
                abs_s1                               7E       7E        2         1

        CLASS   COMMON         
                cstackCOMMON                         70       70        D         1
                bssCOMMON                            7D       7D        1         1

        CLASS   SFR0           

        CLASS   SFR1           

        CLASS   SFR2           

        CLASS   SFR3           

        CLASS   CONFIG         
                config                             2007     2007        1         0

        CLASS   IDLOC          

        CLASS   EEDATA         



SEGMENTS        Name                           Load    Length   Top    Selector   Space  Class     Delta

                reset_vec                      000000  000003  000003         0       0  CODE        2
                strings                        000003  000013  000016         6       0  STRING      2
                dataBANK0                      000020  000007  000027        20       1  BANK0       1
                cstackCOMMON                   000070  00000E  00007E        70       1  COMMON      1
                idataBANK0                     0005EA  000005  0005EF       BD4       0  CODE        2
                text171                        0005EF  000014  000603       BDE       0  CODE        2
                text169                        000603  000019  00061C       C06       0  CODE        2
                text170                        00061C  00001D  000639       C38       0  CODE        2
                text168                        000639  000023  00065C       C72       0  CODE        2
                cinit                          00065C  000025  000681       CB8       0  CODE        2
                text167                        000681  000029  0006AA       D02       0  CODE        2
                maintext                       0006AA  000156  000800       D54       0  CODE        2
                config                         002007  000001  002008      400E       0  CONFIG      2


UNUSED ADDRESS RANGES

        Name                Unused          Largest block    Delta
        BANK0            0027-006F             49           1
        BANK1            00A0-00EF             50           1
        BANK2            0110-016F             60           1
        BANK3            0190-01EF             60           1
        CODE             0016-05E9            5D4           2
                         0800-1FFF            800
        CONST            0016-05E9            100           2
                         0800-1FFF            100
        EEDATA           2100-21FF            100           2
        ENTRY            0016-05E9            100           2
                         0800-1FFF            100
        IDLOC            2000-2003              4           2
        RAM              0027-006F             49           1
                         00A0-00EF             50
                         0110-016F             60
                         0190-01EF             60
        SFR0             0000-001F             20           1
        SFR1             0080-009F             20           1
        SFR2             0100-010F             10           1
        SFR3             0180-018F             10           1
        STRCODE          0016-05E9            5D4           2
                         0800-1FFF           1800
        STRING           0016-05E9            100           2
                         0800-1FFF            100

                                  Symbol Table

??_Delay               cstackCOMMON 0072
??_Lcd8_Command        cstackCOMMON 0072
??_Lcd8_Display        cstackCOMMON 0078
??_Lcd8_Init           cstackCOMMON 0073
??_Lcd8_Write          cstackCOMMON 0074
??_cmd                 cstackCOMMON 0072
??_main                cstackCOMMON 007C
??_write               cstackCOMMON 0072
?_Delay                cstackCOMMON 0070
?_Lcd8_Command         cstackCOMMON 0070
?_Lcd8_Display         cstackCOMMON 0075
?_Lcd8_Init            cstackCOMMON 0070
?_Lcd8_Write           cstackCOMMON 0073
?_cmd                  cstackCOMMON 0070
?_main                 cstackCOMMON 0070
?_write                cstackCOMMON 0070
Delay@del              cstackCOMMON 0070
Lcd8_Command@com       cstackCOMMON 0072
Lcd8_Display@Lcd_i     cstackCOMMON 007B
Lcd8_Display@com       cstackCOMMON 007A
Lcd8_Display@n         cstackCOMMON 0076
Lcd8_Display@word      cstackCOMMON 0075
Lcd8_Write@com         cstackCOMMON 0074
Lcd8_Write@lr          cstackCOMMON 0073
_CARRY                 (abs)        0018
_Delay                 text171      05EF
_EEADR                 (abs)        010D
_EECON1                (abs)        018C
_EECON2                (abs)        018D
_EEDATA                (abs)        010C
_GIE                   (abs)        005F
_Lcd8_Command          text170      061C
_Lcd8_Display          text167      0681
_Lcd8_Init             text169      0603
_Lcd8_Write            text168      0639
_Lcd_en                (abs)        003D
_Lcd_rs                (abs)        003C
_PORTD                 (abs)        0008
_RB0                   (abs)        0030
_RB1                   (abs)        0031
_RB2                   (abs)        0032
_RB3                   (abs)        0033
_RB4                   (abs)        0034
_RB5                   (abs)        0035
_RB6                   (abs)        0036
_RD                    (abs)        0C60
_TRISB                 (abs)        0086
_TRISC                 (abs)        0087
_TRISD                 (abs)        0088
_WR                    (abs)        0C61
_WREN                  (abs)        0C62
__Habs1                abs1         0000
__Hbank0               bank0        0000
__Hbank1               bank1        0000
__Hbank2               bank2        0000
__Hbank3               bank3        0000
__HbssBANK0            bssBANK0     0000
__HbssCOMMON           bssCOMMON    0000
__Hcinit               cinit        0000
__Hclrtext             clrtext      0000
__Hcode                code         0000
__Hcommon              common       0000
__Hconfig              config       2008
__HcstackCOMMON        cstackCOMMON 0000
__HdataBANK0           dataBANK0    0000
__Heeprom_data         eeprom_data  0000
__Hend_init            end_init     0003
__Hfunctab             functab      0000
__HidataBANK0          idataBANK0   0000
__Hidloc               idloc        0000
__Hinit                init         0000
__Hintentry            intentry     0000
__Hmaintext            maintext     0000
__Hpowerup             powerup      0000
__Hram                 ram          0000
__Hreset_vec           reset_vec    0000
__Hsfr0                sfr0         0000
__Hsfr1                sfr1         0000
__Hsfr2                sfr2         0000
__Hsfr3                sfr3         0000
__Hstrings             strings      0000
__Htext                text         0000
__Labs1                abs1         0000
__Lbank0               bank0        0000
__Lbank1               bank1        0000
__Lbank2               bank2        0000
__Lbank3               bank3        0000
__LbssBANK0            bssBANK0     0000
__LbssCOMMON           bssCOMMON    0000
__Lcinit               cinit        0000
__Lclrtext             clrtext      0000
__Lcode                code         0000
__Lcommon              common       0000
__Lconfig              config       2007
__LcstackCOMMON        cstackCOMMON 0000
__LdataBANK0           dataBANK0    0000
__Leeprom_data         eeprom_data  0000
__Lend_init            end_init     0000
__Lfunctab             functab      0000
__LidataBANK0          idataBANK0   0000
__Lidloc               idloc        0000
__Linit                init         0000
__Lintentry            intentry     0000
__Lmaintext            maintext     0000
__Lpowerup             powerup      0000
__Lram                 ram          0000
__Lreset_vec           reset_vec    0000
__Lsfr0                sfr0         0000
__Lsfr1                sfr1         0000
__Lsfr2                sfr2         0000
__Lsfr3                sfr3         0000
__Lstrings             strings      0000
__Ltext                text         0000
__S0                   (abs)        2008
__S1                   (abs)        007E
__S2                   (abs)        0000
__end_of_Delay         text171      0603
__end_of_Lcd8_Command  text170      0639
__end_of_Lcd8_Display  text167      06AA
__end_of_Lcd8_Init     text169      061C
__end_of_Lcd8_Write    text168      065C
__end_of_main          maintext     0800
__pbssBANK0            bssBANK0     0025
__pbssCOMMON           bssCOMMON    007D
__pcstackCOMMON        cstackCOMMON 0070
__pdataBANK0           dataBANK0    0020
__pidataBANK0          idataBANK0   05EA
__pmaintext            maintext     06AA
__pstrings             strings      0003
__ptext167             text167      0681
__ptext168             text168      0639
__ptext169             text169      0603
__ptext170             text170      061C
__ptext171             text171      05EF
__ptext172             text172      0000
__size_of_Delay        (abs)        0000
__size_of_Lcd8_Command (abs)        0000
__size_of_Lcd8_Display (abs)        0000
__size_of_Lcd8_Init    (abs)        0000
__size_of_Lcd8_Write   (abs)        0000
__size_of_main         (abs)        0000
_a                     bssCOMMON    007D
_b                     dataBANK0    0020
_cmd                                    
_exit                  init         0000
_key                   bssBANK0     0025
_m                     bssBANK0     0026
_main                  maintext     06AA
_write                                  
btemp                  (abs)        007E
end_of_initialization  cinit        067D
intlevel0              functab      0000
intlevel1              functab      0000
intlevel2              functab      0000
intlevel3              functab      0000
intlevel4              functab      0000
intlevel5              functab      0000
reset_vec              reset_vec    0000
start                  init         0000
start_initialization   cinit        065C
wtemp0                 (abs)        007E
