C51 COMPILER V9.60.0.0   TIMER                                                             10/21/2023 14:12:13 PAGE 1   


C51 COMPILER V9.60.0.0, COMPILATION OF MODULE TIMER
OBJECT MODULE PLACED IN timer.OBJ
COMPILER INVOKED BY: C:\Keil_v5\C51\BIN\C51.EXE timer.c BROWSE DEBUG OBJECTEXTEND TABS(2)

line level    source

   1          #include<reg51.h>
   2          
   3          sbit led=P1^0; 
   4          
   5          void delay()
   6          {
   7   1      int count=0;
   8   1       while(count!=500)
   9   1        {
  10   2         TMOD=0x01;  
  11   2         TH0=0xF8;   
  12   2         TL0=0xCC;  
  13   2         TR0=1;     
  14   2         while(!TF0);   
  15   2         TR0 = 0;      
  16   2         TF0 = 0;      
  17   2         count++;
  18   2        }
  19   1      
  20   1      }
  21          
  22          void main()
  23          {
  24   1      while(1)     
  25   1      {
  26   2      led=1;    
  27   2      delay();  
  28   2      led=0;  
  29   2      delay();  
  30   2      }
  31   1      }  


MODULE INFORMATION:   STATIC OVERLAYABLE
   CODE SIZE        =     45    ----
   CONSTANT SIZE    =   ----    ----
   XDATA SIZE       =   ----    ----
   PDATA SIZE       =   ----    ----
   DATA SIZE        =   ----    ----
   IDATA SIZE       =   ----    ----
   BIT SIZE         =   ----    ----
END OF MODULE INFORMATION.


C51 COMPILATION COMPLETE.  0 WARNING(S),  0 ERROR(S)
