HI-TECH Software C Compiler 

Linker command line:

--edf=C:\Program Files (x86)\HI-TECH Software\PICC\9.82\dat\en_msgs.txt -cs \
  -h+function.sym -z -Q16F877A -ol.obj -Mfunction.map -E1 \
  -ACONST=00h-0FFhx32 -ACODE=00h-07FFhx4 -ASTRCODE=00h-01FFFh \
  -AENTRY=00h-0FFhx32 -ASTRING=00h-0FFhx32 -ABANK0=020h-06Fh \
  -ABANK1=0A0h-0EFh -ABANK2=0110h-016Fh -ABANK3=0190h-01EFh \
  -ARAM=020h-06Fh,0A0h-0EFh,0110h-016Fh,0190h-01EFh \
  -AABS1=020h-07Fh,0A0h-0EFh,0110h-016Fh,0190h-01EFh -ACOMMON=070h-07Fh \
  -ASFR0=00h-01Fh -ASFR1=080h-09Fh -ASFR2=0100h-010Fh -ASFR3=0180h-018Fh \
  -preset_vec=00h,intentry,init,end_init -ppowerup=CODE -pfunctab=CODE \
  -ACONFIG=02007h-02007h -pconfig=CONFIG -DCONFIG=2 -AIDLOC=02000h-02003h \
  -pidloc=IDLOC -DIDLOC=2 -AEEDATA=00h-0FFh/02100h -peeprom_data=EEDATA \
  -DEEDATA=2 -DCODE=2 -DSTRCODE=2 -DSTRING=2 -DCONST=2 -DENTRY=2 -k \
  startup.obj function.obj 

Object code version is 3.10

Machine type is 16F877A



                Name                               Link     Load   Length Selector   Space Scale
startup.obj     end_init                              0        0        3        0       0
function.obj    text133                             751      751       AF      EA2       0
                text132                             6E6      6E6       1D      DCC       0
                maintext                            703      703       4E      E06       0
                cstackBANK0                          2C       2C        C       20       1
                cstackCOMMON                         70       70        C       70       1
                inittext                            6BA      6BA       13      D74       0
                dataBANK0                            20       20        C       20       1
                bssBANK0                             38       38        1       20       1
                dataCOMMON                           7C       7C        1       70       1
                cinit                               6CD      6CD       19      D9A       0
                idataCOMMON                         6AD      6AD        1      D5A       0
                idataBANK0                          6AE      6AE        C      D5C       0

TOTAL           Name                               Link     Load   Length     Space
        CLASS   CONST          

        CLASS   CODE           
                end_init                              0        0        3         0
                text133                             751      751       AF         0
                text132                             6E6      6E6       1D         0
                maintext                            703      703       4E         0
                inittext                            6BA      6BA       13         0
                cinit                               6CD      6CD       19         0
                idataCOMMON                         6AD      6AD        1         0
                idataBANK0                          6AE      6AE        C         0

        CLASS   STRCODE        

        CLASS   ENTRY          

        CLASS   STRING         

        CLASS   BANK0          
                cstackBANK0                          2C       2C        C         1
                dataBANK0                            20       20        C         1
                bssBANK0                             38       38        1         1

        CLASS   BANK1          

        CLASS   BANK2          

        CLASS   BANK3          

        CLASS   RAM            

        CLASS   ABS1           
                abs_s1                               7E       7E        2         1

        CLASS   COMMON         
                cstackCOMMON                         70       70        C         1
                dataCOMMON                           7C       7C        1         1

        CLASS   SFR0           

        CLASS   SFR1           

        CLASS   SFR2           

        CLASS   SFR3           

        CLASS   CONFIG         

        CLASS   IDLOC          

        CLASS   EEDATA         



SEGMENTS        Name                           Load    Length   Top    Selector   Space  Class     Delta

                reset_vec                      000000  000003  000003         0       0  CODE        2
                dataBANK0                      000020  000019  000039        20       1  BANK0       1
                cstackCOMMON                   000070  00000D  00007D        70       1  COMMON      1
                idataCOMMON                    0006AD  000001  0006AE       D5A       0  CODE        2
                idataBANK0                     0006AE  00000C  0006BA       D5C       0  CODE        2
                inittext                       0006BA  000013  0006CD       D74       0  CODE        2
                cinit                          0006CD  000019  0006E6       D9A       0  CODE        2
                text132                        0006E6  00001D  000703       DCC       0  CODE        2
                maintext                       000703  00004E  000751       E06       0  CODE        2
                text133                        000751  0000AF  000800       EA2       0  CODE        2


UNUSED ADDRESS RANGES

        Name                Unused          Largest block    Delta
        BANK0            0039-006F             37           1
        BANK1            00A0-00EF             50           1
        BANK2            0110-016F             60           1
        BANK3            0190-01EF             60           1
        CODE             0003-06AC            6AA           2
                         0800-1FFF            800
        COMMON           007D-007D              1           1
        CONFIG           2007-2007              1           2
        CONST            0003-06AC            100           2
                         0800-1FFF            100
        EEDATA           2100-21FF            100           2
        ENTRY            0003-06AC            100           2
                         0800-1FFF            100
        IDLOC            2000-2003              4           2
        RAM              0039-006F             37           1
                         00A0-00EF             50
                         0110-016F             60
                         0190-01EF             60
        SFR0             0000-001F             20           1
        SFR1             0080-009F             20           1
        SFR2             0100-010F             10           1
        SFR3             0180-018F             10           1
        STRCODE          0003-06AC            6AA           2
                         0800-1FFF           1800
        STRING           0003-06AC            100           2
                         0800-1FFF            100

                                  Symbol Table

??_Baudrate           cstackCOMMON 0074
??_Serial_Init        cstackCOMMON 0078
??_main               cstackCOMMON 0078
?_Baudrate            cstackCOMMON 0070
?_Serial_Init         cstackCOMMON 0074
?_main                cstackCOMMON 0070
Baudrate@baud         cstackCOMMON 0070
Serial_Init@baud      cstackCOMMON 0074
_BRGH                 (abs)        04C2
_Baudrate             text133      0751
_CARRY                (abs)        0018
_CREN                 (abs)        00C4
_EEADR                (abs)        010D
_EECON1               (abs)        018C
_EECON2               (abs)        018D
_EEDATA               (abs)        010C
_GIE                  (abs)        005F
_PEIE                 (abs)        005E
_PORTC                (abs)        0007
_RCIE                 (abs)        0465
_RD                   (abs)        0C60
_SPBRG                (abs)        0099
_SPEN                 (abs)        00C7
_SYNC                 (abs)        04C4
_Serial_Init          text132      06E6
_TRISC                (abs)        0087
_TXEN                 (abs)        04C5
_TXIF                 (abs)        0064
_TXREG                (abs)        0019
_WR                   (abs)        0C61
_WREN                 (abs)        0C62
__Habs1               abs1         0000
__Hbank0              bank0        0000
__Hbank1              bank1        0000
__Hbank2              bank2        0000
__Hbank3              bank3        0000
__HbssBANK0           bssBANK0     0000
__Hcinit              cinit        0000
__Hclrtext            clrtext      0000
__Hcode               code         0000
__Hcommon             common       0000
__Hconfig             config       0000
__HcstackBANK0        cstackBANK0  0000
__HcstackCOMMON       cstackCOMMON 0000
__HdataBANK0          dataBANK0    0000
__HdataCOMMON         dataCOMMON   0000
__Heeprom_data        eeprom_data  0000
__Hend_init           end_init     0003
__Hfunctab            functab      0000
__HidataBANK0         idataBANK0   0000
__HidataCOMMON        idataCOMMON  0000
__Hidloc              idloc        0000
__Hinit               init         0000
__Hinittext           inittext     0000
__Hintentry           intentry     0000
__Hmaintext           maintext     0000
__Hpowerup            powerup      0000
__Hram                ram          0000
__Hreset_vec          reset_vec    0000
__Hsfr0               sfr0         0000
__Hsfr1               sfr1         0000
__Hsfr2               sfr2         0000
__Hsfr3               sfr3         0000
__Hstrings            strings      0000
__Htext               text         0000
__Labs1               abs1         0000
__Lbank0              bank0        0000
__Lbank1              bank1        0000
__Lbank2              bank2        0000
__Lbank3              bank3        0000
__LbssBANK0           bssBANK0     0000
__Lcinit              cinit        0000
__Lclrtext            clrtext      0000
__Lcode               code         0000
__Lcommon             common       0000
__Lconfig             config       0000
__LcstackBANK0        cstackBANK0  0000
__LcstackCOMMON       cstackCOMMON 0000
__LdataBANK0          dataBANK0    0000
__LdataCOMMON         dataCOMMON   0000
__Leeprom_data        eeprom_data  0000
__Lend_init           end_init     0000
__Lfunctab            functab      0000
__LidataBANK0         idataBANK0   0000
__LidataCOMMON        idataCOMMON  0000
__Lidloc              idloc        0000
__Linit               init         0000
__Linittext           inittext     0000
__Lintentry           intentry     0000
__Lmaintext           maintext     0000
__Lpowerup            powerup      0000
__Lram                ram          0000
__Lreset_vec          reset_vec    0000
__Lsfr0               sfr0         0000
__Lsfr1               sfr1         0000
__Lsfr2               sfr2         0000
__Lsfr3               sfr3         0000
__Lstrings            strings      0000
__Ltext               text         0000
__S0                  (abs)        0800
__S1                  (abs)        007D
__S2                  (abs)        0000
__end_of_Baudrate     text133      0800
__end_of_Serial_Init  text132      0703
__end_of_main         maintext     0751
__pbssBANK0           bssBANK0     0038
__pcstackBANK0        cstackBANK0  002C
__pcstackCOMMON       cstackCOMMON 0070
__pdataBANK0          dataBANK0    0020
__pdataCOMMON         dataCOMMON   007C
__pidataBANK0         idataBANK0   06AE
__pidataCOMMON        idataCOMMON  06AD
__pmaintext           maintext     0703
__ptext132            text132      06E6
__ptext133            text133      0751
__ptext134            text134      0000
__size_of_Baudrate    (abs)        0000
__size_of_Serial_Init (abs)        0000
__size_of_main        (abs)        0000
_a                    bssBANK0     0038
_b                    dataCOMMON   007C
_exit                 init         0000
_main                 maintext     0703
btemp                 (abs)        007E
end_of_initialization cinit        06E2
init_fetch            inittext     06BA
init_ram              inittext     06BE
intlevel0             functab      0000
intlevel1             functab      0000
intlevel2             functab      0000
intlevel3             functab      0000
intlevel4             functab      0000
intlevel5             functab      0000
main@F1127            dataBANK0    0020
main@dat              cstackBANK0  002C
reset_vec             reset_vec    0000
start                 init         0000
start_initialization  cinit        06CD
wtemp0                (abs)        007E
