

HI-TECH Software PICC Macro Assembler V9.60PL5 build 3884 
                                                      Sat Dec 02 16:34:08 2023

HI-TECH Software Omniscient Code Generator build 3884
     1  0000                     opt subtitle "HI-TECH Software Omniscient Code 
                                 Generator build 3884"
     2                           
     3                           	processor	16F877A
     4                           clrc	macro
     5                           	bcf	status,0
     6  0000                     	endm
     7                           clrz	macro
     8                           	bcf	status,2
     9  0000                     	endm
    10                           setc	macro
    11                           	bsf	status,0
    12  0000                     	endm
    13                           setz	macro
    14                           	bsf	status,2
    15  0000                     	endm
    16                           skipc	macro
    17                           	btfss	status,0
    18  0000                     	endm
    19                           skipz	macro
    20                           	btfss	status,2
    21  0000                     	endm
    22                           skipnc	macro
    23                           	btfsc	status,0
    24  0000                     	endm
    25                           skipnz	macro
    26                           	btfsc	status,2
    27  0000                     	endm
    28  0000                     indf	equ	0
    29  0000                     indf0	equ	0
    30  0000                     pc	equ	2
    31  0000                     pcl	equ	2
    32  0000                     status	equ	3
    33  0000                     fsr	equ	4
    34  0000                     fsr0	equ	4
    35  0000                     c	equ	1
    36  0000                     z	equ	0
    37  0000                     pclath	equ	10
    38                           global __tempreg
    39  0000                     __tempreg	set	112
    40                           global __Lcommon, __Hcommon
    41  0000                     __Lcommon set 0x7C
    42  0000                     __Hcommon set 0x7E
    43                           global __Lrdata_0, __Hrdata_0
    44  0000                     __Lrdata_0	equ	0x0
    45  0000                     __Hrdata_0	equ	0x1
    46                           global __Lramdata, __Lrdata_0, __Hramdata, __Hr
                                 data_0
    47  0000                     __Lramdata	set	__Lrdata_0
    48  0000                     __Hramdata	set	__Hrdata_0
    49                           	GLOBAL	__databank
    50  0000                     __databank	EQU	0
    51  0000                     _delay_a	equ	??_delay+0
    52                           	global	_delay_a
    53                           ;Data sizes: Strings 0, constant 0, data 0, bss
                                  0, persistent 0 stack 7
    54                           	global	_main
    55                           	global	??_main
    56                           	global	?_main
    57                           
    58                           ; *************** function _main **************
                                 *
    59                           ; Defined at:
    60                           ;		line 19 in file "C:\Users\HP\Desktop\pic con
                                 troller\project washing machine\attepmt1.c"
    61                           ; Parameters:
    62                           ;		None
    63                           ; Auto variables:
    64                           ;		None
    65                           ; Return value:
    66                           ;		type: void 
    67                           ;		size: 0
    68                           ; Registers used:
    69                           ;		wreg, status,2, status,0, pclath, cstack
    70                           ; Tracked objects:
    71                           ;		On entry : BFF/0
    72                           ;		On exit  : 0/0
    73                           ;		Unchanged: 0/0
    74                           ; Data sizes:
    75                           ;		Autos:    0
    76                           ;		Params:   0
    77                           ;		Temp:     1
    78                           ;		Total:    1
    79                           ; This function calls:
    80                           ;		_delay
    81                           ; This function is called by:
    82                           ;		Startup code after reset
    83                           ; This function uses a non-reentrant model
    84                           ; 
    85                           	psect	maintext,class=CODE,delta=2
    86                           	file	"C:\Users\HP\Desktop\pic controller\proje
                                 ct washing machine\attepmt1.c"
    87                           	line	19
    88                           ;attepmt1.c: 18: void main()
    89                           ;attepmt1.c: 19: {
    90                           	
    91  0015                     _main:	
    92                           ; Regs used in _main: [wreg+status,2+status,0+p
                                 clath+cstack]
    93                           	line	20
    94                           ;attepmt1.c: 20: RB0=RB3=RB1=RB2=RD0=RD3=RD1=RD
                                 2=0;
    95  0015  1108               	bcf	(66/8),(66)&7
    96  0016  1088               	bcf	(65/8),(65)&7
    97  0017  1188               	bcf	(67/8),(67)&7
    98  0018  1008               	bcf	(64/8),(64)&7
    99  0019  1106               	bcf	(50/8),(50)&7
   100  001A  1086               	bcf	(49/8),(49)&7
   101  001B  1186               	bcf	(51/8),(51)&7
   102  001C  1006               	bcf	(48/8),(48)&7
   103                           	line	21
   104                           ;attepmt1.c: 21: TRISB=0xff;
   105  001D  1683               	bsf	status, 5	;RP0=1, select bank1
   106  001E  1303               	bcf	status, 6	;RP2=0, select bank1
   107                           	
   108  001F  30FF               	movlw	0ffh
   109  0020  0086               	movwf	(134)^080h	;volatile
   110                           	line	22
   111                           ;attepmt1.c: 22: TRISD =0;
   112  0021  1003               	clrc
   113                           	
   114  0022  3000               	movlw	0
   115  0023  1803               	btfsc	status,0
   116  0024  3001               	movlw	1
   117  0025  0088               	movwf	(136)^080h	;volatile
   118                           	line	24
   119                           ;attepmt1.c: 24: while(1)
   120                           	
   121  0026                     l7:	
   122                           	line	26
   123                           ;attepmt1.c: 25: {
   124                           ;attepmt1.c: 26: RD0 =0;
   125  0026  1283               	bcf	status, 5	;RP0=0, select bank0
   126  0027  1303               	bcf	status, 6	;RP2=0, select bank0
   127  0028  1008               	bcf	(64/8),(64)&7
   128                           	line	27
   129                           ;attepmt1.c: 27: if(RB1 ==1 && RB2 ==0)
   130  0029  1C86               	btfss	(49/8),(49)&7
   131  002A  282C               	goto	u961
   132  002B  282D               	goto	u960
   133  002C                     u961:
   134  002C  289B               	goto	l9
   135  002D                     u960:
   136  002D  1906               	btfsc	(50/8),(50)&7
   137  002E  2830               	goto	u971
   138  002F  2831               	goto	u970
   139  0030                     u971:
   140  0030  289B               	goto	l9
   141  0031                     u970:
   142                           	line	29
   143                           ;attepmt1.c: 28: {
   144                           ;attepmt1.c: 29: if(RB3 == 0)
   145  0031  1986               	btfsc	(51/8),(51)&7
   146  0032  2834               	goto	u981
   147  0033  2835               	goto	u980
   148  0034                     u981:
   149  0034  2840               	goto	l10
   150  0035                     u980:
   151                           	line	31
   152                           ;attepmt1.c: 30: {
   153                           ;attepmt1.c: 31: RD0 =1;
   154  0035  1408               	bsf	(64/8),(64)&7
   155                           	line	32
   156                           ;attepmt1.c: 32: delay(10);
   157  0036  300A               	movlw	low(0Ah)
   158                           	
   159  0037  00F1               	movwf	(?_delay)
   160  0038  3000               	movlw	high(0Ah)
   161  0039  00F2               	movwf	((?_delay))+1
   162  003A  120A  118A  27EA   	fcall	_delay
              120A  118A         
   163                           	line	33
   164                           ;attepmt1.c: 33: }
   165  003F  289B               	goto	l9
   166                           	line	34
   167                           	
   168  0040                     l10:	
   169                           ;attepmt1.c: 34: else if(RB3 ==1)
   170  0040  1D86               	btfss	(51/8),(51)&7
   171  0041  2843               	goto	u991
   172  0042  2844               	goto	u990
   173  0043                     u991:
   174  0043  289B               	goto	l9
   175  0044                     u990:
   176                           	line	36
   177                           ;attepmt1.c: 35: {
   178                           ;attepmt1.c: 36: RD0 =0;
   179  0044  1008               	bcf	(64/8),(64)&7
   180                           	line	37
   181                           ;attepmt1.c: 37: for (i=0;i<100;i++)
   182  0045  3000               	movlw	low(0)
   183                           	
   184  0046  00FC               	movwf	(124)
   185  0047  3000               	movlw	high(0)
   186  0048  00FD               	movwf	((124))+1
   187  0049  284A               	goto	l13
   188                           	line	38
   189                           	
   190  004A                     l13:	
   191                           	line	39
   192                           ;attepmt1.c: 38: {
   193                           ;attepmt1.c: 39: RD2=0;RD1 =1;
   194  004A  1108               	bcf	(66/8),(66)&7
   195  004B  1488               	bsf	(65/8),(65)&7
   196                           	line	40
   197                           ;attepmt1.c: 40: delay(100);
   198  004C  3064               	movlw	low(064h)
   199                           	
   200  004D  00F1               	movwf	(?_delay)
   201  004E  3000               	movlw	high(064h)
   202  004F  00F2               	movwf	((?_delay))+1
   203  0050  120A  118A  27EA   	fcall	_delay
              120A  118A         
   204                           	line	41
   205                           ;attepmt1.c: 41: RD1=0;RD2=1;
   206  0055  1283               	bcf	status, 5	;RP0=0, select bank0
   207  0056  1303               	bcf	status, 6	;RP2=0, select bank0
   208  0057  1088               	bcf	(65/8),(65)&7
   209  0058  1508               	bsf	(66/8),(66)&7
   210                           	line	42
   211                           ;attepmt1.c: 42: delay(100);
   212  0059  3064               	movlw	low(064h)
   213                           	
   214  005A  00F1               	movwf	(?_delay)
   215  005B  3000               	movlw	high(064h)
   216  005C  00F2               	movwf	((?_delay))+1
   217  005D  120A  118A  27EA   	fcall	_delay
              120A  118A         
   218                           	line	37
   219  0062  1283               	bcf	status, 5	;RP0=0, select bank0
   220  0063  1303               	bcf	status, 6	;RP2=0, select bank0
   221                           	
   222  0064  3001               	movlw	low(01h)
   223  0065  07FC               	addwf	(124),f
   224  0066  1803               	skipnc
   225  0067  0AFD               	incf	(124+1),f
   226  0068  3000               	movlw	high(01h)
   227  0069  07FD               	addwf	(124+1),f
   228                           	
   229  006A  087D               	movf	(124+1),w
   230  006B  3A80               	xorlw	80h
   231  006C  00F0               	movwf	(??_main+0+0)
   232  006D  3080               	movlw	(high(064h))^80h
   233  006E  0270               	subwf	(??_main+0+0),w
   234  006F  1D03               	skipz
   235  0070  2873               	goto	u10110
   236  0071                     u10115:
   237  0071  3064               	movlw	low(064h)
   238  0072  027C               	subwf	(124),w
   239  0073                     u10110:
   240                           
   241  0073  1C03               	skipc
   242  0074  2876               	goto	u1011
   243  0075  2877               	goto	u1010
   244  0076                     u1011:
   245  0076  284A               	goto	l13
   246  0077                     u1010:
   247                           	
   248  0077                     l14:	
   249                           	line	44
   250                           ;attepmt1.c: 43: }
   251                           ;attepmt1.c: 44: RD1=0;RD2=0;
   252  0077  1088               	bcf	(65/8),(65)&7
   253  0078  1108               	bcf	(66/8),(66)&7
   254                           	line	45
   255                           ;attepmt1.c: 45: RD3 = 1;
   256  0079  1588               	bsf	(67/8),(67)&7
   257                           	line	46
   258                           ;attepmt1.c: 46: delay(150000);
   259                           	
   260  007A  3000               	movlw	0
   261  007B  00F4               	movwf	(?_delay+3)
   262  007C  3002               	movlw	02h
   263  007D  00F3               	movwf	(?_delay+2)
   264  007E  3049               	movlw	049h
   265  007F  00F2               	movwf	(?_delay+1)
   266  0080  30F0               	movlw	0F0h
   267  0081  00F1               	movwf	(?_delay)
   268                           
   269  0082  120A  118A  27EA   	fcall	_delay
              120A  118A         
   270                           	line	47
   271                           ;attepmt1.c: 47: RD3 =0;
   272  0087  1283               	bcf	status, 5	;RP0=0, select bank0
   273  0088  1303               	bcf	status, 6	;RP2=0, select bank0
   274  0089  1188               	bcf	(67/8),(67)&7
   275                           	line	48
   276                           ;attepmt1.c: 48: RD1=1;
   277  008A  1488               	bsf	(65/8),(65)&7
   278                           	line	49
   279                           ;attepmt1.c: 49: delay(150000000);
   280                           	
   281  008B  3008               	movlw	08h
   282  008C  00F4               	movwf	(?_delay+3)
   283  008D  30F0               	movlw	0F0h
   284  008E  00F3               	movwf	(?_delay+2)
   285  008F  30D1               	movlw	0D1h
   286  0090  00F2               	movwf	(?_delay+1)
   287  0091  3080               	movlw	080h
   288  0092  00F1               	movwf	(?_delay)
   289                           
   290  0093  120A  118A  27EA   	fcall	_delay
              120A  118A         
   291                           	line	50
   292                           ;attepmt1.c: 50: RD1=0;
   293  0098  1283               	bcf	status, 5	;RP0=0, select bank0
   294  0099  1303               	bcf	status, 6	;RP2=0, select bank0
   295  009A  1088               	bcf	(65/8),(65)&7
   296                           	line	51
   297                           	
   298  009B                     l12:	
   299                           	line	52
   300                           	
   301  009B                     l11:	
   302                           	
   303  009B                     l9:	
   304                           	line	53
   305                           ;attepmt1.c: 51: }
   306                           ;attepmt1.c: 52: }
   307                           ;attepmt1.c: 53: if(RB1 ==0 && RB2 ==1)
   308  009B  1283               	bcf	status, 5	;RP0=0, select bank0
   309  009C  1303               	bcf	status, 6	;RP2=0, select bank0
   310  009D  1886               	btfsc	(49/8),(49)&7
   311  009E  28A0               	goto	u1021
   312  009F  28A1               	goto	u1020
   313  00A0                     u1021:
   314  00A0  290C               	goto	l16
   315  00A1                     u1020:
   316  00A1  1D06               	btfss	(50/8),(50)&7
   317  00A2  28A4               	goto	u1031
   318  00A3  28A5               	goto	u1030
   319  00A4                     u1031:
   320  00A4  290C               	goto	l16
   321  00A5                     u1030:
   322                           	line	55
   323                           ;attepmt1.c: 54: {
   324                           ;attepmt1.c: 55: if(RB3 == 0)
   325  00A5  1986               	btfsc	(51/8),(51)&7
   326  00A6  28A8               	goto	u1041
   327  00A7  28A9               	goto	u1040
   328  00A8                     u1041:
   329  00A8  28B4               	goto	l17
   330  00A9                     u1040:
   331                           	line	57
   332                           ;attepmt1.c: 56: {
   333                           ;attepmt1.c: 57: RD0 =1;
   334  00A9  1408               	bsf	(64/8),(64)&7
   335                           	line	58
   336                           ;attepmt1.c: 58: delay(10);
   337  00AA  300A               	movlw	low(0Ah)
   338                           	
   339  00AB  00F1               	movwf	(?_delay)
   340  00AC  3000               	movlw	high(0Ah)
   341  00AD  00F2               	movwf	((?_delay))+1
   342  00AE  120A  118A  27EA   	fcall	_delay
              120A  118A         
   343                           	line	59
   344                           ;attepmt1.c: 59: }
   345  00B3  290B               	goto	l18
   346                           	line	60
   347                           	
   348  00B4                     l17:	
   349                           ;attepmt1.c: 60: else if(RB3 ==1)
   350  00B4  1D86               	btfss	(51/8),(51)&7
   351  00B5  28B7               	goto	u1051
   352  00B6  28B8               	goto	u1050
   353  00B7                     u1051:
   354  00B7  290B               	goto	l18
   355  00B8                     u1050:
   356                           	line	62
   357                           ;attepmt1.c: 61: {
   358                           ;attepmt1.c: 62: RD0 =0;
   359  00B8  1008               	bcf	(64/8),(64)&7
   360                           	line	63
   361                           ;attepmt1.c: 63: for (i=0;i<80;i++)
   362  00B9  3000               	movlw	low(0)
   363                           	
   364  00BA  00FC               	movwf	(124)
   365  00BB  3000               	movlw	high(0)
   366  00BC  00FD               	movwf	((124))+1
   367  00BD  28BE               	goto	l20
   368                           	line	64
   369                           	
   370  00BE                     l20:	
   371                           	line	65
   372                           ;attepmt1.c: 64: {
   373                           ;attepmt1.c: 65: RD2=0;RD1 =1;
   374  00BE  1108               	bcf	(66/8),(66)&7
   375  00BF  1488               	bsf	(65/8),(65)&7
   376                           	line	66
   377                           ;attepmt1.c: 66: delay(100);
   378  00C0  3064               	movlw	low(064h)
   379                           	
   380  00C1  00F1               	movwf	(?_delay)
   381  00C2  3000               	movlw	high(064h)
   382  00C3  00F2               	movwf	((?_delay))+1
   383  00C4  120A  118A  27EA   	fcall	_delay
              120A  118A         
   384                           	line	67
   385                           ;attepmt1.c: 67: RD1=0;RD2=1;
   386  00C9  1283               	bcf	status, 5	;RP0=0, select bank0
   387  00CA  1303               	bcf	status, 6	;RP2=0, select bank0
   388  00CB  1088               	bcf	(65/8),(65)&7
   389  00CC  1508               	bsf	(66/8),(66)&7
   390                           	line	68
   391                           ;attepmt1.c: 68: delay(100);
   392  00CD  3064               	movlw	low(064h)
   393                           	
   394  00CE  00F1               	movwf	(?_delay)
   395  00CF  3000               	movlw	high(064h)
   396  00D0  00F2               	movwf	((?_delay))+1
   397  00D1  120A  118A  27EA   	fcall	_delay
              120A  118A         
   398                           	line	63
   399  00D6  1283               	bcf	status, 5	;RP0=0, select bank0
   400  00D7  1303               	bcf	status, 6	;RP2=0, select bank0
   401                           	
   402  00D8  3001               	movlw	low(01h)
   403  00D9  07FC               	addwf	(124),f
   404  00DA  1803               	skipnc
   405  00DB  0AFD               	incf	(124+1),f
   406  00DC  3000               	movlw	high(01h)
   407  00DD  07FD               	addwf	(124+1),f
   408                           	
   409  00DE  087D               	movf	(124+1),w
   410  00DF  3A80               	xorlw	80h
   411  00E0  00F0               	movwf	(??_main+0+0)
   412  00E1  3080               	movlw	(high(050h))^80h
   413  00E2  0270               	subwf	(??_main+0+0),w
   414  00E3  1D03               	skipz
   415  00E4  28E7               	goto	u10710
   416  00E5                     u10715:
   417  00E5  3050               	movlw	low(050h)
   418  00E6  027C               	subwf	(124),w
   419  00E7                     u10710:
   420                           
   421  00E7  1C03               	skipc
   422  00E8  28EA               	goto	u1071
   423  00E9  28EB               	goto	u1070
   424  00EA                     u1071:
   425  00EA  28BE               	goto	l20
   426  00EB                     u1070:
   427                           	
   428  00EB                     l21:	
   429                           	line	70
   430                           ;attepmt1.c: 69: }
   431                           ;attepmt1.c: 70: RD1=0;RD2=0;
   432  00EB  1088               	bcf	(65/8),(65)&7
   433  00EC  1108               	bcf	(66/8),(66)&7
   434                           	line	71
   435                           ;attepmt1.c: 71: RD3 = 1;
   436  00ED  1588               	bsf	(67/8),(67)&7
   437                           	line	72
   438                           ;attepmt1.c: 72: delay(10000000);
   439                           	
   440  00EE  3000               	movlw	0
   441  00EF  00F4               	movwf	(?_delay+3)
   442  00F0  3098               	movlw	098h
   443  00F1  00F3               	movwf	(?_delay+2)
   444  00F2  3096               	movlw	096h
   445  00F3  00F2               	movwf	(?_delay+1)
   446  00F4  3080               	movlw	080h
   447  00F5  00F1               	movwf	(?_delay)
   448                           
   449  00F6  120A  118A  27EA   	fcall	_delay
              120A  118A         
   450                           	line	73
   451                           ;attepmt1.c: 73: RD3 =0;
   452  00FB  1283               	bcf	status, 5	;RP0=0, select bank0
   453  00FC  1303               	bcf	status, 6	;RP2=0, select bank0
   454  00FD  1188               	bcf	(67/8),(67)&7
   455                           	line	75
   456                           ;attepmt1.c: 75: RD1=1;
   457  00FE  1488               	bsf	(65/8),(65)&7
   458                           	line	76
   459                           ;attepmt1.c: 76: delay(1500);
   460  00FF  30DC               	movlw	low(05DCh)
   461                           	
   462  0100  00F1               	movwf	(?_delay)
   463  0101  3005               	movlw	high(05DCh)
   464  0102  00F2               	movwf	((?_delay))+1
   465  0103  120A  118A  27EA   	fcall	_delay
              120A  118A         
   466                           	line	77
   467                           ;attepmt1.c: 77: RD1=0;
   468  0108  1283               	bcf	status, 5	;RP0=0, select bank0
   469  0109  1303               	bcf	status, 6	;RP2=0, select bank0
   470  010A  1088               	bcf	(65/8),(65)&7
   471                           	line	78
   472                           	
   473  010B                     l19:	
   474                           	line	79
   475                           	
   476  010B                     l18:	
   477                           ;attepmt1.c: 78: }
   478                           ;attepmt1.c: 79: }
   479  010B  2919               	goto	l6
   480                           	line	80
   481                           	
   482  010C                     l16:	
   483                           	line	82
   484                           ;attepmt1.c: 80: else
   485                           ;attepmt1.c: 81: {
   486                           ;attepmt1.c: 82: RD1=0;
   487  010C  1088               	bcf	(65/8),(65)&7
   488                           	line	83
   489                           ;attepmt1.c: 83: delay(1500);
   490  010D  30DC               	movlw	low(05DCh)
   491                           	
   492  010E  00F1               	movwf	(?_delay)
   493  010F  3005               	movlw	high(05DCh)
   494  0110  00F2               	movwf	((?_delay))+1
   495  0111  120A  118A  27EA   	fcall	_delay
              120A  118A         
   496                           	line	84
   497                           ;attepmt1.c: 84: RD1=0;
   498  0116  1283               	bcf	status, 5	;RP0=0, select bank0
   499  0117  1303               	bcf	status, 6	;RP2=0, select bank0
   500  0118  1088               	bcf	(65/8),(65)&7
   501                           	line	85
   502                           	
   503  0119                     l23:	
   504                           	line	86
   505                           	
   506  0119                     l6:	
   507                           	line	24
   508  0119  2826               	goto	l7
   509                           	global	start
   510  011A  120A  118A  2800   	ljmp	start
   511                           ; =============== function _main ends =========
                                 ======
   512                           
   513                           GLOBAL __end_of_main
   514  011D                     	__end_of_main:
   515                           	FNSIZE	_main,1,0
   516                           	psect	maintext
   517                           	line	87
   518                           	signat	_main,88
   519                           	global	_delay
   520                           	global	??_delay
   521                           	global	?_delay
   522                           
   523                           ; *************** function _delay *************
                                 **
   524                           ; Defined at:
   525                           ;		line 13 in file "C:\Users\HP\Desktop\pic con
                                 troller\project washing machine\attepmt1.c"
   526                           ; Parameters:
   527                           ;		None
   528                           ; Auto variables:
   529                           ;		a           	       	type: unsigned int 
   530                           ; Return value:
   531                           ;		type: void 
   532                           ;		size: 0
   533                           ; Registers used:
   534                           ;		wreg
   535                           ; Tracked objects:
   536                           ;		On entry : 300/0
   537                           ;		On exit  : 0/0
   538                           ;		Unchanged: 0/0
   539                           ; Data sizes:
   540                           ;		Autos:    2
   541                           ;		Params:   4
   542                           ;		Temp:     0
   543                           ;		Total:    6
   544                           ; This function calls:
   545                           ;		Nothing
   546                           ; This function is called by:
   547                           ;		_main
   548                           ; This function uses a non-reentrant model
   549                           ; 
   550                           	psect	text22,local,class=CODE,delta=2
   551                           	file	"C:\Users\HP\Desktop\pic controller\proje
                                 ct washing machine\attepmt1.c"
   552                           	line	13
   553                           ;pic168xa.h: 19: volatile unsigned char INDF @ 
                                 0x00;
   554                           ;pic168xa.h: 20: volatile unsigned char TMR0 @ 
                                 0x01;
   555                           ;pic168xa.h: 21: volatile unsigned char PCL @ 0
                                 x02;
   556                           ;pic168xa.h: 22: volatile unsigned char STATUS 
                                 @ 0x03;
   557                           ;pic168xa.h: 23: unsigned char FSR @ 0x04;
   558                           ;pic168xa.h: 24: volatile unsigned char PORTA @
                                  0x05;
   559                           ;pic168xa.h: 25: volatile unsigned char PORTB @
                                  0x06;
   560                           ;pic168xa.h: 26: volatile unsigned char PORTC @
                                  0x07;
   561                           ;pic168xa.h: 28: volatile unsigned char PORTD @
                                  0x08;
   562                           ;pic168xa.h: 29: volatile unsigned char PORTE @
                                  0x09;
   563                           	
   564  07EA                     _delay:	
   565                           ; Regs used in _delay: [wreg]
   566                           	line	15
   567                           ;attepmt1.c: 14: unsigned int a;
   568                           ;attepmt1.c: 15: for (a=0;a<10000;a++);
   569  07EA  3000               	movlw	low(0)
   570                           	
   571  07EB  00F5               	movwf	(_delay_a)
   572  07EC  3000               	movlw	high(0)
   573  07ED  00F6               	movwf	((_delay_a))+1
   574  07EE  2FEF               	goto	l2
   575                           	
   576  07EF                     l2:	
   577                           	
   578  07EF  3001               	movlw	low(01h)
   579  07F0  07F5               	addwf	(_delay_a),f
   580  07F1  1803               	skipnc
   581  07F2  0AF6               	incf	(_delay_a+1),f
   582  07F3  3000               	movlw	high(01h)
   583  07F4  07F6               	addwf	(_delay_a+1),f
   584                           	
   585  07F5  3027               	movlw	high(02710h)
   586  07F6  0276               	subwf	(_delay_a+1),w
   587  07F7  1D03               	skipz
   588  07F8  2FFB               	goto	u1095
   589  07F9  3010               	movlw	low(02710h)
   590  07FA  0275               	subwf	(_delay_a),w
   591+ 07FB                     u1095:
   592+ 07FB  1C03               	skipc
   593  07FC  2FFE               	goto	u1091
   594  07FD  2FFF               	goto	u1090
   595  07FE                     u1091:
   596  07FE  2FEF               	goto	l2
   597  07FF                     u1090:
   598                           	
   599  07FF                     l3:	
   600                           	line	16
   601                           ;attepmt1.c: 16: }
   602  07FF                     l1:	
   603  07FF  0008               	return
   604                           ; =============== function _delay ends ========
                                 =======
   605                           
   606                           GLOBAL __end_of_delay
   607  0800                     	__end_of_delay:
   608                           	FNSIZE	_delay,2,4
   609                           	signat	_delay,88
   610                           	FNCALL	_main,_delay
   611                           	FNROOT	_main
   612                           	psect	strings,class=CODE,delta=2,reloc=256
   613                           	global	_i
   614                           	psect	common,class=COMMON,space=1
   615                           
   616                           	DABS	1,124,2	;_i
   617  0000                     	_i	set	0x7C
   618                           
   619                           	global	_ADCON0
   620                           	global	_ADCON0
   621  0000                     	_ADCON0	set	0x1F
   622                           
   623                           	global	_ADCON1
   624                           	global	_ADCON1
   625  0000                     	_ADCON1	set	0x9F
   626                           
   627                           	global	_ADRESH
   628                           	global	_ADRESH
   629  0000                     	_ADRESH	set	0x1E
   630                           
   631                           	global	_ADRESL
   632                           	global	_ADRESL
   633  0000                     	_ADRESL	set	0x9E
   634                           
   635                           	global	_CCP1CON
   636                           	global	_CCP1CON
   637  0000                     	_CCP1CON	set	0x17
   638                           
   639                           	global	_CCP2CON
   640                           	global	_CCP2CON
   641  0000                     	_CCP2CON	set	0x1D
   642                           
   643                           	global	_CCPR1H
   644                           	global	_CCPR1H
   645  0000                     	_CCPR1H	set	0x16
   646                           
   647                           	global	_CCPR1L
   648                           	global	_CCPR1L
   649  0000                     	_CCPR1L	set	0x15
   650                           
   651                           	global	_CCPR2H
   652                           	global	_CCPR2H
   653  0000                     	_CCPR2H	set	0x1C
   654                           
   655                           	global	_CCPR2L
   656                           	global	_CCPR2L
   657  0000                     	_CCPR2L	set	0x1B
   658                           
   659                           	global	_CMCON
   660                           	global	_CMCON
   661  0000                     	_CMCON	set	0x9C
   662                           
   663                           	global	_CVRCON
   664                           	global	_CVRCON
   665  0000                     	_CVRCON	set	0x9D
   666                           
   667                           	global	_EEADR
   668                           	global	_EEADR
   669  0000                     	_EEADR	set	0x10D
   670                           
   671                           	global	_EEADRH
   672                           	global	_EEADRH
   673  0000                     	_EEADRH	set	0x10F
   674                           
   675                           	global	_EEADRL
   676                           	global	_EEADRL
   677  0000                     	_EEADRL	set	0x10D
   678                           
   679                           	global	_EECON1
   680                           	global	_EECON1
   681  0000                     	_EECON1	set	0x18C
   682                           
   683                           	global	_EECON2
   684                           	global	_EECON2
   685  0000                     	_EECON2	set	0x18D
   686                           
   687                           	global	_EEDATA
   688                           	global	_EEDATA
   689  0000                     	_EEDATA	set	0x10C
   690                           
   691                           	global	_EEDATH
   692                           	global	_EEDATH
   693  0000                     	_EEDATH	set	0x10E
   694                           
   695                           	global	_FSR
   696                           	global	_FSR
   697  0000                     	_FSR	set	0x4
   698                           
   699                           	global	_INDF
   700                           	global	_INDF
   701  0000                     	_INDF	set	0x0
   702                           
   703                           	global	_INTCON
   704                           	global	_INTCON
   705  0000                     	_INTCON	set	0xB
   706                           
   707                           	global	_OPTION
   708                           	global	_OPTION
   709  0000                     	_OPTION	set	0x81
   710                           
   711                           	global	_PCL
   712                           	global	_PCL
   713  0000                     	_PCL	set	0x2
   714                           
   715                           	global	_PCLATH
   716                           	global	_PCLATH
   717  0000                     	_PCLATH	set	0xA
   718                           
   719                           	global	_PCON
   720                           	global	_PCON
   721  0000                     	_PCON	set	0x8E
   722                           
   723                           	global	_PIE1
   724                           	global	_PIE1
   725  0000                     	_PIE1	set	0x8C
   726                           
   727                           	global	_PIE2
   728                           	global	_PIE2
   729  0000                     	_PIE2	set	0x8D
   730                           
   731                           	global	_PIR1
   732                           	global	_PIR1
   733  0000                     	_PIR1	set	0xC
   734                           
   735                           	global	_PIR2
   736                           	global	_PIR2
   737  0000                     	_PIR2	set	0xD
   738                           
   739                           	global	_PORTA
   740                           	global	_PORTA
   741  0000                     	_PORTA	set	0x5
   742                           
   743                           	global	_PORTB
   744                           	global	_PORTB
   745  0000                     	_PORTB	set	0x6
   746                           
   747                           	global	_PORTC
   748                           	global	_PORTC
   749  0000                     	_PORTC	set	0x7
   750                           
   751                           	global	_PORTD
   752                           	global	_PORTD
   753  0000                     	_PORTD	set	0x8
   754                           
   755                           	global	_PORTE
   756                           	global	_PORTE
   757  0000                     	_PORTE	set	0x9
   758                           
   759                           	global	_PR2
   760                           	global	_PR2
   761  0000                     	_PR2	set	0x92
   762                           
   763                           	global	_RCREG
   764                           	global	_RCREG
   765  0000                     	_RCREG	set	0x1A
   766                           
   767                           	global	_RCSTA
   768                           	global	_RCSTA
   769  0000                     	_RCSTA	set	0x18
   770                           
   771                           	global	_SPBRG
   772                           	global	_SPBRG
   773  0000                     	_SPBRG	set	0x99
   774                           
   775                           	global	_SSPADD
   776                           	global	_SSPADD
   777  0000                     	_SSPADD	set	0x93
   778                           
   779                           	global	_SSPBUF
   780                           	global	_SSPBUF
   781  0000                     	_SSPBUF	set	0x13
   782                           
   783                           	global	_SSPCON
   784                           	global	_SSPCON
   785  0000                     	_SSPCON	set	0x14
   786                           
   787                           	global	_SSPCON2
   788                           	global	_SSPCON2
   789  0000                     	_SSPCON2	set	0x91
   790                           
   791                           	global	_SSPSTAT
   792                           	global	_SSPSTAT
   793  0000                     	_SSPSTAT	set	0x94
   794                           
   795                           	global	_STATUS
   796                           	global	_STATUS
   797  0000                     	_STATUS	set	0x3
   798                           
   799                           	global	_T1CON
   800                           	global	_T1CON
   801  0000                     	_T1CON	set	0x10
   802                           
   803                           	global	_T2CON
   804                           	global	_T2CON
   805  0000                     	_T2CON	set	0x12
   806                           
   807                           	global	_TMR0
   808                           	global	_TMR0
   809  0000                     	_TMR0	set	0x1
   810                           
   811                           	global	_TMR1H
   812                           	global	_TMR1H
   813  0000                     	_TMR1H	set	0xF
   814                           
   815                           	global	_TMR1L
   816                           	global	_TMR1L
   817  0000                     	_TMR1L	set	0xE
   818                           
   819                           	global	_TMR2
   820                           	global	_TMR2
   821  0000                     	_TMR2	set	0x11
   822                           
   823                           	global	_TRISA
   824                           	global	_TRISA
   825  0000                     	_TRISA	set	0x85
   826                           
   827                           	global	_TRISB
   828  0000                     	_TRISB	set	0x86
   829                           
   830                           	global	_TRISC
   831                           	global	_TRISC
   832  0000                     	_TRISC	set	0x87
   833                           
   834                           	global	_TRISD
   835  0000                     	_TRISD	set	0x88
   836                           
   837                           	global	_TRISE
   838                           	global	_TRISE
   839  0000                     	_TRISE	set	0x89
   840                           
   841                           	global	_TXREG
   842                           	global	_TXREG
   843  0000                     	_TXREG	set	0x19
   844                           
   845                           	global	_TXSTA
   846                           	global	_TXSTA
   847  0000                     	_TXSTA	set	0x98
   848                           
   849                           	global	_ACKDT
   850                           	global	_ACKDT
   851  0000                     	_ACKDT	set	0x48D	;byte address: 0x91
   852                           
   853                           	global	_ACKEN
   854                           	global	_ACKEN
   855  0000                     	_ACKEN	set	0x48C	;byte address: 0x91
   856                           
   857                           	global	_ACKSTAT
   858                           	global	_ACKSTAT
   859  0000                     	_ACKSTAT	set	0x48E	;byte address: 0x91
   860                           
   861                           	global	_ADCS0
   862                           	global	_ADCS0
   863  0000                     	_ADCS0	set	0xFE	;byte address: 0x1F
   864                           
   865                           	global	_ADCS1
   866                           	global	_ADCS1
   867  0000                     	_ADCS1	set	0xFF	;byte address: 0x1F
   868                           
   869                           	global	_ADCS2
   870                           	global	_ADCS2
   871  0000                     	_ADCS2	set	0x4FE	;byte address: 0x9F
   872                           
   873                           	global	_ADDEN
   874                           	global	_ADDEN
   875  0000                     	_ADDEN	set	0xC3	;byte address: 0x18
   876                           
   877                           	global	_ADFM
   878                           	global	_ADFM
   879  0000                     	_ADFM	set	0x4FF	;byte address: 0x9F
   880                           
   881                           	global	_ADGO
   882                           	global	_ADGO
   883  0000                     	_ADGO	set	0xFA	;byte address: 0x1F
   884                           
   885                           	global	_ADIE
   886                           	global	_ADIE
   887  0000                     	_ADIE	set	0x466	;byte address: 0x8C
   888                           
   889                           	global	_ADIF
   890                           	global	_ADIF
   891  0000                     	_ADIF	set	0x66	;byte address: 0xC
   892                           
   893                           	global	_ADON
   894                           	global	_ADON
   895  0000                     	_ADON	set	0xF8	;byte address: 0x1F
   896                           
   897                           	global	_BCLIE
   898                           	global	_BCLIE
   899  0000                     	_BCLIE	set	0x46B	;byte address: 0x8D
   900                           
   901                           	global	_BCLIF
   902                           	global	_BCLIF
   903  0000                     	_BCLIF	set	0x6B	;byte address: 0xD
   904                           
   905                           	global	_BF
   906                           	global	_BF
   907  0000                     	_BF	set	0x4A0	;byte address: 0x94
   908                           
   909                           	global	_BOR
   910                           	global	_BOR
   911  0000                     	_BOR	set	0x470	;byte address: 0x8E
   912                           
   913                           	global	_BRGH
   914                           	global	_BRGH
   915  0000                     	_BRGH	set	0x4C2	;byte address: 0x98
   916                           
   917                           	global	_C1INV
   918                           	global	_C1INV
   919  0000                     	_C1INV	set	0x4E4	;byte address: 0x9C
   920                           
   921                           	global	_C1OUT
   922                           	global	_C1OUT
   923  0000                     	_C1OUT	set	0x4E6	;byte address: 0x9C
   924                           
   925                           	global	_C2INV
   926                           	global	_C2INV
   927  0000                     	_C2INV	set	0x4E5	;byte address: 0x9C
   928                           
   929                           	global	_C2OUT
   930                           	global	_C2OUT
   931  0000                     	_C2OUT	set	0x4E7	;byte address: 0x9C
   932                           
   933                           	global	_CARRY
   934                           	global	_CARRY
   935  0000                     	_CARRY	set	0x18	;byte address: 0x3
   936                           
   937                           	global	_CCP1IE
   938                           	global	_CCP1IE
   939  0000                     	_CCP1IE	set	0x462	;byte address: 0x8C
   940                           
   941                           	global	_CCP1IF
   942                           	global	_CCP1IF
   943  0000                     	_CCP1IF	set	0x62	;byte address: 0xC
   944                           
   945                           	global	_CCP1M0
   946                           	global	_CCP1M0
   947  0000                     	_CCP1M0	set	0xB8	;byte address: 0x17
   948                           
   949                           	global	_CCP1M1
   950                           	global	_CCP1M1
   951  0000                     	_CCP1M1	set	0xB9	;byte address: 0x17
   952                           
   953                           	global	_CCP1M2
   954                           	global	_CCP1M2
   955  0000                     	_CCP1M2	set	0xBA	;byte address: 0x17
   956                           
   957                           	global	_CCP1M3
   958                           	global	_CCP1M3
   959  0000                     	_CCP1M3	set	0xBB	;byte address: 0x17
   960                           
   961                           	global	_CCP1X
   962                           	global	_CCP1X
   963  0000                     	_CCP1X	set	0xBD	;byte address: 0x17
   964                           
   965                           	global	_CCP1Y
   966                           	global	_CCP1Y
   967  0000                     	_CCP1Y	set	0xBC	;byte address: 0x17
   968                           
   969                           	global	_CCP2IE
   970                           	global	_CCP2IE
   971  0000                     	_CCP2IE	set	0x468	;byte address: 0x8D
   972                           
   973                           	global	_CCP2IF
   974                           	global	_CCP2IF
   975  0000                     	_CCP2IF	set	0x68	;byte address: 0xD
   976                           
   977                           	global	_CCP2M0
   978                           	global	_CCP2M0
   979  0000                     	_CCP2M0	set	0xE8	;byte address: 0x1D
   980                           
   981                           	global	_CCP2M1
   982                           	global	_CCP2M1
   983  0000                     	_CCP2M1	set	0xE9	;byte address: 0x1D
   984                           
   985                           	global	_CCP2M2
   986                           	global	_CCP2M2
   987  0000                     	_CCP2M2	set	0xEA	;byte address: 0x1D
   988                           
   989                           	global	_CCP2M3
   990                           	global	_CCP2M3
   991  0000                     	_CCP2M3	set	0xEB	;byte address: 0x1D
   992                           
   993                           	global	_CCP2X
   994                           	global	_CCP2X
   995  0000                     	_CCP2X	set	0xED	;byte address: 0x1D
   996                           
   997                           	global	_CCP2Y
   998                           	global	_CCP2Y
   999  0000                     	_CCP2Y	set	0xEC	;byte address: 0x1D
  1000                           
  1001                           	global	_CHS0
  1002                           	global	_CHS0
  1003  0000                     	_CHS0	set	0xFB	;byte address: 0x1F
  1004                           
  1005                           	global	_CHS1
  1006                           	global	_CHS1
  1007  0000                     	_CHS1	set	0xFC	;byte address: 0x1F
  1008+                          
  1009+                          	global	_CHS2
  1010+                          	global	_CHS2
  1011+ 0000                     	_CHS2	set	0xFD	;byte address: 0x1F
  1012+                          
  1013+                          	global	_CIS
  1014+                          	global	_CIS
  1015+ 0000                     	_CIS	set	0x4E3	;byte address: 0x9C
  1016                           
  1017                           	global	_CKE
  1018                           	global	_CKE
  1019  0000                     	_CKE	set	0x4A6	;byte address: 0x94
  1020                           
  1021                           	global	_CKP
  1022                           	global	_CKP
  1023  0000                     	_CKP	set	0xA4	;byte address: 0x14
  1024                           
  1025                           	global	_CM0
  1026                           	global	_CM0
  1027  0000                     	_CM0	set	0x4E0	;byte address: 0x9C
  1028                           
  1029                           	global	_CM1
  1030                           	global	_CM1
  1031  0000                     	_CM1	set	0x4E1	;byte address: 0x9C
  1032                           
  1033                           	global	_CM2
  1034                           	global	_CM2
  1035  0000                     	_CM2	set	0x4E2	;byte address: 0x9C
  1036                           
  1037                           	global	_CMIE
  1038                           	global	_CMIE
  1039  0000                     	_CMIE	set	0x46E	;byte address: 0x8D
  1040                           
  1041                           	global	_CMIF
  1042                           	global	_CMIF
  1043  0000                     	_CMIF	set	0x6E	;byte address: 0xD
  1044                           
  1045                           	global	_CREN
  1046                           	global	_CREN
  1047  0000                     	_CREN	set	0xC4	;byte address: 0x18
  1048                           
  1049                           	global	_CSRC
  1050                           	global	_CSRC
  1051  0000                     	_CSRC	set	0x4C7	;byte address: 0x98
  1052                           
  1053                           	global	_CVR0
  1054                           	global	_CVR0
  1055  0000                     	_CVR0	set	0x4E8	;byte address: 0x9D
  1056                           
  1057                           	global	_CVR1
  1058                           	global	_CVR1
  1059  0000                     	_CVR1	set	0x4E9	;byte address: 0x9D
  1060                           
  1061                           	global	_CVR2
  1062                           	global	_CVR2
  1063  0000                     	_CVR2	set	0x4EA	;byte address: 0x9D
  1064                           
  1065                           	global	_CVR3
  1066                           	global	_CVR3
  1067  0000                     	_CVR3	set	0x4EB	;byte address: 0x9D
  1068                           
  1069                           	global	_CVREN
  1070                           	global	_CVREN
  1071  0000                     	_CVREN	set	0x4EF	;byte address: 0x9D
  1072                           
  1073                           	global	_CVROE
  1074                           	global	_CVROE
  1075  0000                     	_CVROE	set	0x4EE	;byte address: 0x9D
  1076                           
  1077                           	global	_CVRR
  1078                           	global	_CVRR
  1079  0000                     	_CVRR	set	0x4ED	;byte address: 0x9D
  1080                           
  1081                           	global	_DA
  1082                           	global	_DA
  1083  0000                     	_DA	set	0x4A5	;byte address: 0x94
  1084                           
  1085                           	global	_DC
  1086                           	global	_DC
  1087  0000                     	_DC	set	0x19	;byte address: 0x3
  1088                           
  1089                           	global	_EEIE
  1090                           	global	_EEIE
  1091  0000                     	_EEIE	set	0x46C	;byte address: 0x8D
  1092                           
  1093                           	global	_EEIF
  1094                           	global	_EEIF
  1095  0000                     	_EEIF	set	0x6C	;byte address: 0xD
  1096                           
  1097                           	global	_EEPGD
  1098                           	global	_EEPGD
  1099  0000                     	_EEPGD	set	0xC67	;byte address: 0x18C
  1100                           
  1101                           	global	_FERR
  1102                           	global	_FERR
  1103  0000                     	_FERR	set	0xC2	;byte address: 0x18
  1104                           
  1105                           	global	_GCEN
  1106                           	global	_GCEN
  1107  0000                     	_GCEN	set	0x48F	;byte address: 0x91
  1108                           
  1109                           	global	_GIE
  1110                           	global	_GIE
  1111  0000                     	_GIE	set	0x5F	;byte address: 0xB
  1112                           
  1113                           	global	_GODONE
  1114                           	global	_GODONE
  1115  0000                     	_GODONE	set	0xFA	;byte address: 0x1F
  1116                           
  1117                           	global	_IBF
  1118                           	global	_IBF
  1119  0000                     	_IBF	set	0x44F	;byte address: 0x89
  1120                           
  1121                           	global	_IBOV
  1122                           	global	_IBOV
  1123  0000                     	_IBOV	set	0x44D	;byte address: 0x89
  1124                           
  1125                           	global	_INTE
  1126                           	global	_INTE
  1127  0000                     	_INTE	set	0x5C	;byte address: 0xB
  1128                           
  1129                           	global	_INTEDG
  1130                           	global	_INTEDG
  1131  0000                     	_INTEDG	set	0x40E	;byte address: 0x81
  1132                           
  1133                           	global	_INTF
  1134                           	global	_INTF
  1135  0000                     	_INTF	set	0x59	;byte address: 0xB
  1136                           
  1137                           	global	_IRP
  1138                           	global	_IRP
  1139  0000                     	_IRP	set	0x1F	;byte address: 0x3
  1140                           
  1141                           	global	_OBF
  1142                           	global	_OBF
  1143  0000                     	_OBF	set	0x44E	;byte address: 0x89
  1144                           
  1145                           	global	_OERR
  1146                           	global	_OERR
  1147  0000                     	_OERR	set	0xC1	;byte address: 0x18
  1148                           
  1149                           	global	_PCFG0
  1150                           	global	_PCFG0
  1151  0000                     	_PCFG0	set	0x4F8	;byte address: 0x9F
  1152                           
  1153                           	global	_PCFG1
  1154                           	global	_PCFG1
  1155  0000                     	_PCFG1	set	0x4F9	;byte address: 0x9F
  1156                           
  1157                           	global	_PCFG2
  1158                           	global	_PCFG2
  1159  0000                     	_PCFG2	set	0x4FA	;byte address: 0x9F
  1160                           
  1161                           	global	_PCFG3
  1162                           	global	_PCFG3
  1163  0000                     	_PCFG3	set	0x4FB	;byte address: 0x9F
  1164                           
  1165                           	global	_PD
  1166                           	global	_PD
  1167  0000                     	_PD	set	0x1B	;byte address: 0x3
  1168                           
  1169                           	global	_PEIE
  1170                           	global	_PEIE
  1171  0000                     	_PEIE	set	0x5E	;byte address: 0xB
  1172                           
  1173                           	global	_PEN
  1174                           	global	_PEN
  1175  0000                     	_PEN	set	0x48A	;byte address: 0x91
  1176                           
  1177                           	global	_POR
  1178                           	global	_POR
  1179  0000                     	_POR	set	0x471	;byte address: 0x8E
  1180                           
  1181                           	global	_PS0
  1182                           	global	_PS0
  1183  0000                     	_PS0	set	0x408	;byte address: 0x81
  1184                           
  1185                           	global	_PS1
  1186                           	global	_PS1
  1187  0000                     	_PS1	set	0x409	;byte address: 0x81
  1188                           
  1189                           	global	_PS2
  1190                           	global	_PS2
  1191  0000                     	_PS2	set	0x40A	;byte address: 0x81
  1192                           
  1193                           	global	_PSA
  1194                           	global	_PSA
  1195  0000                     	_PSA	set	0x40B	;byte address: 0x81
  1196                           
  1197                           	global	_PSPIE
  1198                           	global	_PSPIE
  1199  0000                     	_PSPIE	set	0x467	;byte address: 0x8C
  1200                           
  1201                           	global	_PSPIF
  1202                           	global	_PSPIF
  1203  0000                     	_PSPIF	set	0x67	;byte address: 0xC
  1204                           
  1205                           	global	_PSPMODE
  1206                           	global	_PSPMODE
  1207  0000                     	_PSPMODE	set	0x44C	;byte address: 0x89
  1208                           
  1209                           	global	_RA0
  1210                           	global	_RA0
  1211  0000                     	_RA0	set	0x28	;byte address: 0x5
  1212                           
  1213                           	global	_RA1
  1214                           	global	_RA1
  1215  0000                     	_RA1	set	0x29	;byte address: 0x5
  1216                           
  1217                           	global	_RA2
  1218                           	global	_RA2
  1219  0000                     	_RA2	set	0x2A	;byte address: 0x5
  1220                           
  1221                           	global	_RA3
  1222                           	global	_RA3
  1223  0000                     	_RA3	set	0x2B	;byte address: 0x5
  1224                           
  1225                           	global	_RA4
  1226                           	global	_RA4
  1227  0000                     	_RA4	set	0x2C	;byte address: 0x5
  1228                           
  1229                           	global	_RA5
  1230                           	global	_RA5
  1231  0000                     	_RA5	set	0x2D	;byte address: 0x5
  1232                           
  1233                           	global	_RB0
  1234  0000                     	_RB0	set	0x30	;byte address: 0x6
  1235                           
  1236                           	global	_RB1
  1237  0000                     	_RB1	set	0x31	;byte address: 0x6
  1238                           
  1239                           	global	_RB2
  1240  0000                     	_RB2	set	0x32	;byte address: 0x6
  1241                           
  1242                           	global	_RB3
  1243  0000                     	_RB3	set	0x33	;byte address: 0x6
  1244                           
  1245                           	global	_RB4
  1246                           	global	_RB4
  1247  0000                     	_RB4	set	0x34	;byte address: 0x6
  1248                           
  1249                           	global	_RB5
  1250                           	global	_RB5
  1251  0000                     	_RB5	set	0x35	;byte address: 0x6
  1252                           
  1253                           	global	_RB6
  1254                           	global	_RB6
  1255  0000                     	_RB6	set	0x36	;byte address: 0x6
  1256                           
  1257                           	global	_RB7
  1258                           	global	_RB7
  1259  0000                     	_RB7	set	0x37	;byte address: 0x6
  1260                           
  1261                           	global	_RBIE
  1262                           	global	_RBIE
  1263  0000                     	_RBIE	set	0x5B	;byte address: 0xB
  1264                           
  1265                           	global	_RBIF
  1266                           	global	_RBIF
  1267  0000                     	_RBIF	set	0x58	;byte address: 0xB
  1268                           
  1269                           	global	_RBPU
  1270                           	global	_RBPU
  1271  0000                     	_RBPU	set	0x40F	;byte address: 0x81
  1272                           
  1273                           	global	_RC0
  1274                           	global	_RC0
  1275  0000                     	_RC0	set	0x38	;byte address: 0x7
  1276                           
  1277                           	global	_RC1
  1278                           	global	_RC1
  1279  0000                     	_RC1	set	0x39	;byte address: 0x7
  1280                           
  1281                           	global	_RC2
  1282                           	global	_RC2
  1283  0000                     	_RC2	set	0x3A	;byte address: 0x7
  1284                           
  1285                           	global	_RC3
  1286                           	global	_RC3
  1287  0000                     	_RC3	set	0x3B	;byte address: 0x7
  1288                           
  1289                           	global	_RC4
  1290                           	global	_RC4
  1291  0000                     	_RC4	set	0x3C	;byte address: 0x7
  1292                           
  1293                           	global	_RC5
  1294                           	global	_RC5
  1295  0000                     	_RC5	set	0x3D	;byte address: 0x7
  1296                           
  1297                           	global	_RC6
  1298                           	global	_RC6
  1299  0000                     	_RC6	set	0x3E	;byte address: 0x7
  1300                           
  1301                           	global	_RC7
  1302                           	global	_RC7
  1303  0000                     	_RC7	set	0x3F	;byte address: 0x7
  1304                           
  1305                           	global	_RCEN
  1306                           	global	_RCEN
  1307  0000                     	_RCEN	set	0x48B	;byte address: 0x91
  1308                           
  1309                           	global	_RCIE
  1310                           	global	_RCIE
  1311  0000                     	_RCIE	set	0x465	;byte address: 0x8C
  1312                           
  1313                           	global	_RCIF
  1314                           	global	_RCIF
  1315  0000                     	_RCIF	set	0x65	;byte address: 0xC
  1316                           
  1317                           	global	_RD
  1318                           	global	_RD
  1319  0000                     	_RD	set	0xC60	;byte address: 0x18C
  1320                           
  1321                           	global	_RD0
  1322  0000                     	_RD0	set	0x40	;byte address: 0x8
  1323                           
  1324                           	global	_RD1
  1325  0000                     	_RD1	set	0x41	;byte address: 0x8
  1326                           
  1327                           	global	_RD2
  1328  0000                     	_RD2	set	0x42	;byte address: 0x8
  1329                           
  1330                           	global	_RD3
  1331  0000                     	_RD3	set	0x43	;byte address: 0x8
  1332                           
  1333                           	global	_RD4
  1334                           	global	_RD4
  1335  0000                     	_RD4	set	0x44	;byte address: 0x8
  1336                           
  1337                           	global	_RD5
  1338                           	global	_RD5
  1339  0000                     	_RD5	set	0x45	;byte address: 0x8
  1340                           
  1341                           	global	_RD6
  1342                           	global	_RD6
  1343  0000                     	_RD6	set	0x46	;byte address: 0x8
  1344                           
  1345                           	global	_RD7
  1346                           	global	_RD7
  1347  0000                     	_RD7	set	0x47	;byte address: 0x8
  1348                           
  1349                           	global	_RE0
  1350                           	global	_RE0
  1351  0000                     	_RE0	set	0x48	;byte address: 0x9
  1352                           
  1353                           	global	_RE1
  1354                           	global	_RE1
  1355  0000                     	_RE1	set	0x49	;byte address: 0x9
  1356                           
  1357                           	global	_RE2
  1358                           	global	_RE2
  1359  0000                     	_RE2	set	0x4A	;byte address: 0x9
  1360                           
  1361                           	global	_RP0
  1362                           	global	_RP0
  1363  0000                     	_RP0	set	0x1D	;byte address: 0x3
  1364                           
  1365                           	global	_RP1
  1366                           	global	_RP1
  1367  0000                     	_RP1	set	0x1E	;byte address: 0x3
  1368                           
  1369                           	global	_RSEN
  1370                           	global	_RSEN
  1371  0000                     	_RSEN	set	0x489	;byte address: 0x91
  1372                           
  1373                           	global	_RW
  1374                           	global	_RW
  1375  0000                     	_RW	set	0x4A2	;byte address: 0x94
  1376                           
  1377                           	global	_RX9
  1378                           	global	_RX9
  1379  0000                     	_RX9	set	0xC6	;byte address: 0x18
  1380                           
  1381                           	global	_RX9D
  1382                           	global	_RX9D
  1383  0000                     	_RX9D	set	0xC0	;byte address: 0x18
  1384                           
  1385                           	global	_SEN
  1386                           	global	_SEN
  1387  0000                     	_SEN	set	0x488	;byte address: 0x91
  1388                           
  1389                           	global	_SMP
  1390                           	global	_SMP
  1391  0000                     	_SMP	set	0x4A7	;byte address: 0x94
  1392                           
  1393                           	global	_SPEN
  1394                           	global	_SPEN
  1395  0000                     	_SPEN	set	0xC7	;byte address: 0x18
  1396                           
  1397                           	global	_SREN
  1398                           	global	_SREN
  1399  0000                     	_SREN	set	0xC5	;byte address: 0x18
  1400                           
  1401                           	global	_SSPEN
  1402                           	global	_SSPEN
  1403  0000                     	_SSPEN	set	0xA5	;byte address: 0x14
  1404                           
  1405                           	global	_SSPIE
  1406                           	global	_SSPIE
  1407  0000                     	_SSPIE	set	0x463	;byte address: 0x8C
  1408                           
  1409                           	global	_SSPIF
  1410                           	global	_SSPIF
  1411  0000                     	_SSPIF	set	0x63	;byte address: 0xC
  1412                           
  1413                           	global	_SSPM0
  1414                           	global	_SSPM0
  1415  0000                     	_SSPM0	set	0xA0	;byte address: 0x14
  1416                           
  1417                           	global	_SSPM1
  1418                           	global	_SSPM1
  1419  0000                     	_SSPM1	set	0xA1	;byte address: 0x14
  1420                           
  1421                           	global	_SSPM2
  1422                           	global	_SSPM2
  1423  0000                     	_SSPM2	set	0xA2	;byte address: 0x14
  1424                           
  1425                           	global	_SSPM3
  1426                           	global	_SSPM3
  1427  0000                     	_SSPM3	set	0xA3	;byte address: 0x14
  1428                           
  1429                           	global	_SSPOV
  1430                           	global	_SSPOV
  1431  0000                     	_SSPOV	set	0xA6	;byte address: 0x14
  1432                           
  1433                           	global	_START
  1434                           	global	_START
  1435  0000                     	_START	set	0x4A3	;byte address: 0x94
  1436                           
  1437                           	global	_STOP
  1438                           	global	_STOP
  1439  0000                     	_STOP	set	0x4A4	;byte address: 0x94
  1440                           
  1441                           	global	_SYNC
  1442                           	global	_SYNC
  1443  0000                     	_SYNC	set	0x4C4	;byte address: 0x98
  1444                           
  1445                           	global	_T0CS
  1446                           	global	_T0CS
  1447  0000                     	_T0CS	set	0x40D	;byte address: 0x81
  1448                           
  1449                           	global	_T0IE
  1450                           	global	_T0IE
  1451  0000                     	_T0IE	set	0x5D	;byte address: 0xB
  1452                           
  1453                           	global	_T0IF
  1454                           	global	_T0IF
  1455  0000                     	_T0IF	set	0x5A	;byte address: 0xB
  1456                           
  1457                           	global	_T0SE
  1458                           	global	_T0SE
  1459  0000                     	_T0SE	set	0x40C	;byte address: 0x81
  1460                           
  1461                           	global	_T1CKPS0
  1462                           	global	_T1CKPS0
  1463  0000                     	_T1CKPS0	set	0x84	;byte address: 0x10
  1464                           
  1465                           	global	_T1CKPS1
  1466                           	global	_T1CKPS1
  1467  0000                     	_T1CKPS1	set	0x85	;byte address: 0x10
  1468                           
  1469                           	global	_T1OSCEN
  1470                           	global	_T1OSCEN
  1471  0000                     	_T1OSCEN	set	0x83	;byte address: 0x10
  1472                           
  1473                           	global	_T1SYNC
  1474                           	global	_T1SYNC
  1475  0000                     	_T1SYNC	set	0x82	;byte address: 0x10
  1476                           
  1477                           	global	_T2CKPS0
  1478                           	global	_T2CKPS0
  1479  0000                     	_T2CKPS0	set	0x90	;byte address: 0x12
  1480                           
  1481                           	global	_T2CKPS1
  1482                           	global	_T2CKPS1
  1483  0000                     	_T2CKPS1	set	0x91	;byte address: 0x12
  1484                           
  1485                           	global	_TMR0IE
  1486                           	global	_TMR0IE
  1487  0000                     	_TMR0IE	set	0x5D	;byte address: 0xB
  1488                           
  1489                           	global	_TMR0IF
  1490                           	global	_TMR0IF
  1491  0000                     	_TMR0IF	set	0x5A	;byte address: 0xB
  1492                           
  1493                           	global	_TMR1CS
  1494                           	global	_TMR1CS
  1495  0000                     	_TMR1CS	set	0x81	;byte address: 0x10
  1496                           
  1497                           	global	_TMR1IE
  1498                           	global	_TMR1IE
  1499  0000                     	_TMR1IE	set	0x460	;byte address: 0x8C
  1500                           
  1501                           	global	_TMR1IF
  1502                           	global	_TMR1IF
  1503  0000                     	_TMR1IF	set	0x60	;byte address: 0xC
  1504                           
  1505                           	global	_TMR1ON
  1506                           	global	_TMR1ON
  1507  0000                     	_TMR1ON	set	0x80	;byte address: 0x10
  1508                           
  1509                           	global	_TMR2IE
  1510                           	global	_TMR2IE
  1511  0000                     	_TMR2IE	set	0x461	;byte address: 0x8C
  1512                           
  1513                           	global	_TMR2IF
  1514                           	global	_TMR2IF
  1515  0000                     	_TMR2IF	set	0x61	;byte address: 0xC
  1516                           
  1517                           	global	_TMR2ON
  1518                           	global	_TMR2ON
  1519  0000                     	_TMR2ON	set	0x92	;byte address: 0x12
  1520                           
  1521                           	global	_TO
  1522                           	global	_TO
  1523  0000                     	_TO	set	0x1C	;byte address: 0x3
  1524                           
  1525                           	global	_TOUTPS0
  1526                           	global	_TOUTPS0
  1527  0000                     	_TOUTPS0	set	0x93	;byte address: 0x12
  1528                           
  1529                           	global	_TOUTPS1
  1530                           	global	_TOUTPS1
  1531  0000                     	_TOUTPS1	set	0x94	;byte address: 0x12
  1532                           
  1533                           	global	_TOUTPS2
  1534                           	global	_TOUTPS2
  1535  0000                     	_TOUTPS2	set	0x95	;byte address: 0x12
  1536                           
  1537                           	global	_TOUTPS3
  1538                           	global	_TOUTPS3
  1539  0000                     	_TOUTPS3	set	0x96	;byte address: 0x12
  1540                           
  1541                           	global	_TRISA0
  1542                           	global	_TRISA0
  1543  0000                     	_TRISA0	set	0x428	;byte address: 0x85
  1544                           
  1545                           	global	_TRISA1
  1546                           	global	_TRISA1
  1547  0000                     	_TRISA1	set	0x429	;byte address: 0x85
  1548                           
  1549                           	global	_TRISA2
  1550                           	global	_TRISA2
  1551  0000                     	_TRISA2	set	0x42A	;byte address: 0x85
  1552                           
  1553                           	global	_TRISA3
  1554                           	global	_TRISA3
  1555  0000                     	_TRISA3	set	0x42B	;byte address: 0x85
  1556                           
  1557                           	global	_TRISA4
  1558                           	global	_TRISA4
  1559  0000                     	_TRISA4	set	0x42C	;byte address: 0x85
  1560                           
  1561                           	global	_TRISA5
  1562                           	global	_TRISA5
  1563  0000                     	_TRISA5	set	0x42D	;byte address: 0x85
  1564                           
  1565                           	global	_TRISB0
  1566                           	global	_TRISB0
  1567  0000                     	_TRISB0	set	0x430	;byte address: 0x86
  1568                           
  1569                           	global	_TRISB1
  1570                           	global	_TRISB1
  1571  0000                     	_TRISB1	set	0x431	;byte address: 0x86
  1572                           
  1573                           	global	_TRISB2
  1574                           	global	_TRISB2
  1575  0000                     	_TRISB2	set	0x432	;byte address: 0x86
  1576                           
  1577                           	global	_TRISB3
  1578                           	global	_TRISB3
  1579  0000                     	_TRISB3	set	0x433	;byte address: 0x86
  1580                           
  1581                           	global	_TRISB4
  1582                           	global	_TRISB4
  1583  0000                     	_TRISB4	set	0x434	;byte address: 0x86
  1584                           
  1585                           	global	_TRISB5
  1586                           	global	_TRISB5
  1587  0000                     	_TRISB5	set	0x435	;byte address: 0x86
  1588                           
  1589                           	global	_TRISB6
  1590                           	global	_TRISB6
  1591  0000                     	_TRISB6	set	0x436	;byte address: 0x86
  1592                           
  1593                           	global	_TRISB7
  1594                           	global	_TRISB7
  1595  0000                     	_TRISB7	set	0x437	;byte address: 0x86
  1596                           
  1597                           	global	_TRISC0
  1598                           	global	_TRISC0
  1599  0000                     	_TRISC0	set	0x438	;byte address: 0x87
  1600                           
  1601                           	global	_TRISC1
  1602                           	global	_TRISC1
  1603  0000                     	_TRISC1	set	0x439	;byte address: 0x87
  1604                           
  1605                           	global	_TRISC2
  1606                           	global	_TRISC2
  1607  0000                     	_TRISC2	set	0x43A	;byte address: 0x87
  1608                           
  1609                           	global	_TRISC3
  1610                           	global	_TRISC3
  1611  0000                     	_TRISC3	set	0x43B	;byte address: 0x87
  1612                           
  1613                           	global	_TRISC4
  1614                           	global	_TRISC4
  1615  0000                     	_TRISC4	set	0x43C	;byte address: 0x87
  1616                           
  1617                           	global	_TRISC5
  1618                           	global	_TRISC5
  1619  0000                     	_TRISC5	set	0x43D	;byte address: 0x87
  1620                           
  1621                           	global	_TRISC6
  1622                           	global	_TRISC6
  1623  0000                     	_TRISC6	set	0x43E	;byte address: 0x87
  1624                           
  1625                           	global	_TRISC7
  1626                           	global	_TRISC7
  1627  0000                     	_TRISC7	set	0x43F	;byte address: 0x87
  1628                           
  1629                           	global	_TRISD0
  1630                           	global	_TRISD0
  1631  0000                     	_TRISD0	set	0x440	;byte address: 0x88
  1632                           
  1633                           	global	_TRISD1
  1634                           	global	_TRISD1
  1635  0000                     	_TRISD1	set	0x441	;byte address: 0x88
  1636                           
  1637                           	global	_TRISD2
  1638                           	global	_TRISD2
  1639  0000                     	_TRISD2	set	0x442	;byte address: 0x88
  1640                           
  1641                           	global	_TRISD3
  1642                           	global	_TRISD3
  1643  0000                     	_TRISD3	set	0x443	;byte address: 0x88
  1644                           
  1645                           	global	_TRISD4
  1646                           	global	_TRISD4
  1647  0000                     	_TRISD4	set	0x444	;byte address: 0x88
  1648                           
  1649                           	global	_TRISD5
  1650                           	global	_TRISD5
  1651  0000                     	_TRISD5	set	0x445	;byte address: 0x88
  1652                           
  1653                           	global	_TRISD6
  1654                           	global	_TRISD6
  1655  0000                     	_TRISD6	set	0x446	;byte address: 0x88
  1656                           
  1657                           	global	_TRISD7
  1658                           	global	_TRISD7
  1659  0000                     	_TRISD7	set	0x447	;byte address: 0x88
  1660                           
  1661                           	global	_TRISE0
  1662                           	global	_TRISE0
  1663  0000                     	_TRISE0	set	0x448	;byte address: 0x89
  1664                           
  1665                           	global	_TRISE1
  1666                           	global	_TRISE1
  1667  0000                     	_TRISE1	set	0x449	;byte address: 0x89
  1668                           
  1669                           	global	_TRISE2
  1670                           	global	_TRISE2
  1671  0000                     	_TRISE2	set	0x44A	;byte address: 0x89
  1672                           
  1673                           	global	_TRMT
  1674                           	global	_TRMT
  1675  0000                     	_TRMT	set	0x4C1	;byte address: 0x98
  1676                           
  1677                           	global	_TX9
  1678                           	global	_TX9
  1679  0000                     	_TX9	set	0x4C6	;byte address: 0x98
  1680                           
  1681                           	global	_TX9D
  1682                           	global	_TX9D
  1683  0000                     	_TX9D	set	0x4C0	;byte address: 0x98
  1684                           
  1685                           	global	_TXEN
  1686                           	global	_TXEN
  1687  0000                     	_TXEN	set	0x4C5	;byte address: 0x98
  1688                           
  1689                           	global	_TXIE
  1690                           	global	_TXIE
  1691  0000                     	_TXIE	set	0x464	;byte address: 0x8C
  1692                           
  1693                           	global	_TXIF
  1694                           	global	_TXIF
  1695  0000                     	_TXIF	set	0x64	;byte address: 0xC
  1696                           
  1697                           	global	_UA
  1698                           	global	_UA
  1699  0000                     	_UA	set	0x4A1	;byte address: 0x94
  1700                           
  1701                           	global	_WCOL
  1702                           	global	_WCOL
  1703  0000                     	_WCOL	set	0xA7	;byte address: 0x14
  1704                           
  1705                           	global	_WR
  1706                           	global	_WR
  1707  0000                     	_WR	set	0xC61	;byte address: 0x18C
  1708                           
  1709                           	global	_WREN
  1710                           	global	_WREN
  1711  0000                     	_WREN	set	0xC62	;byte address: 0x18C
  1712                           
  1713                           	global	_WRERR
  1714                           	global	_WRERR
  1715  0000                     	_WRERR	set	0xC63	;byte address: 0x18C
  1716                           
  1717                           	global	_ZERO
  1718                           	global	_ZERO
  1719  0000                     	_ZERO	set	0x1A	;byte address: 0x3
  1720                           
  1721                           	PSECT	fnautoc,class=COMMON,space=1
  1722                           	FNCONF	fnautoc,??,?
  1723                           apbank macro
  1724                           	; no bank selection necessary for common memor
                                 y
  1725  0070                     	endm


HI-TECH Software PICC Macro Assembler V9.60PL5 build 3884 
Symbol Table                                          Sat Dec 02 16:34:08 2023

            l1 07FF              l2 07EF              l3 07FF  
            l6 0119              l7 0026              l9 009B  
    __Lrdata_0 0000              _i 007C      __Lramdata 0000  
           l10 0040             l11 009B             l20 00BE  
           l12 009B             _DA 04A5             l21 00EB  
           l13 004A             _BF 04A0             l14 0077  
           _DC 0019             l23 0119             l16 010C  
           l17 00B4             l18 010B             l19 010B  
           _PD 001B             _RD 0C60             _UA 04A1  
           _TO 001C             _RW 04A2             _WR 0C61  
          _CM0 04E0            _CM1 04E1            _CM2 04E2  
          _CKE 04A6            _IBF 044F            _CIS 04E3  
          _CKP 00A4            _GIE 005F            _BOR 0470  
          _RA0 0028            _RA1 0029            _RB0 0030  
          _RA2 002A            _RB1 0031            _RA3 002B  
          _RC0 0038            _RB2 0032            _RA4 002C  
          _RC1 0039            _RB3 0033            _RA5 002D  
          _RD0 0040            _RC2 003A            _RB4 0034  
          _RD1 0041            _RC3 003B            _RB5 0035  
          _RE0 0048            _RD2 0042            _RC4 003C  
          _RB6 0036            _RE1 0049            _RD3 0043  
          _RC5 003D            _RB7 0037            _RE2 004A  
          _RD4 0044            _RC6 003E            _RD5 0045  
          _RC7 003F            _RD6 0046            _OBF 044E  
          _RD7 0047            _FSR 0004            _PCL 0002  
          _PS0 0408            _PR2 0092            _PS1 0409  
          _RP0 001D            _PS2 040A            _PEN 048A  
          _IRP 001F            _RP1 001E            _SEN 0488  
          _PSA 040B            _POR 0471            u960 002D  
          _RX9 00C6            u961 002C            u970 0031  
          u971 0030            u980 0035            u981 0034  
          _SMP 04A7            u990 0044            u991 0043  
          _TX9 04C6        ??_delay 0075           _ADIE 0466  
         _ADIF 0066           _ADFM 04FF           _ADGO 00FA  
     __tempreg 0070           _ADON 00F8           _CHS0 00FB  
         _CHS1 00FC           _CHS2 00FD           _EEIE 046C  
         _EEIF 006C           _GCEN 048F           _CMIE 046E  
         _CMIF 006E           _BRGH 04C2           _T0IE 005D  
         _T0IF 005A           _CREN 00C4           _T0CS 040D  
         _FERR 00C2           u1010 0077           u1011 0076  
         u1020 00A1           u1021 00A0           u1030 00A5  
         u1031 00A4           u1040 00A9           u1041 00A8  
         u1050 00B8           u1051 00B7           _IBOV 044D  
         _CVR0 04E8           _CVR1 04E9           _CVR2 04EA  
         u1070 00EB           _CVR3 04EB           u1071 00EA  
         u1090 07FF           _T0SE 040C           _CSRC 04C7  
         u1091 07FE           _INDF 0000           u1095 07FB  
         _PIE1 008C           _PIE2 008D           _CVRR 04ED  
         _PEIE 005E           _INTE 005C           _INTF 0059  
         _RBIE 005B           _RBIF 0058           _RCIE 0465  
         _RCIF 0065           _RCEN 048B           _PCON 008E  
         _PIR1 000C           _PIR2 000D           _OERR 00C1  
         _RBPU 040F           _RX9D 00C0           _TMR0 0001  
         _TMR2 0011           _WCOL 00A7           _SPEN 00C7  
         _RSEN 0489      __databank 0000           _TX9D 04C0  
         _SREN 00C5           _TRMT 04C1           _STOP 04A4  
         _ZERO 001A           _TXIE 0464           _WREN 0C62  
         _TXIF 0064           _TXEN 04C5           _SYNC 04C4  
         _main 0015           start 0000        _CCP1CON 0017  
      _CCP2CON 001D        _ACKSTAT 048E          _C1INV 04E4  
        _C2INV 04E5          _C1OUT 04E6          _C2OUT 04E7  
        _ADCS0 00FE          _ADCS1 00FF          _ADCS2 04FE  
        _ADDEN 00C3          ?_main 0070          _ACKEN 048C  
        _ACKDT 048D          _BCLIE 046B          _BCLIF 006B  
        _CCP1X 00BD          _CCP1Y 00BC          _CCP2X 00ED  
        _CCP2Y 00EC          _EEADR 010D  __end_of_delay 0800  
        _CARRY 0018          _EEPGD 0C67          _CMCON 009C  
        u10110 0073          u10115 0071          u10710 00E7  
        _T1CON 0010          u10715 00E5          _T2CON 0012  
      _T1CKPS0 0084        _T1CKPS1 0085          _PCFG0 04F8  
        _PCFG1 04F9          _PCFG2 04FA          _PCFG3 04FB  
      _T2CKPS0 0090        _T2CKPS1 0091          _CVREN 04EF  
        _CVROE 04EE          _RCREG 001A          _RCSTA 0018  
        _TMR1H 000F          _TMR1L 000E          _SPBRG 0099  
        _PORTA 0005          _PORTB 0006        _T1OSCEN 0083  
        _PORTC 0007          _PORTD 0008          _PORTE 0009  
        _PSPIE 0467          _PSPIF 0067          _START 04A3  
        _SSPM0 00A0          _SSPM1 00A1          _SSPM2 00A2  
        _SSPM3 00A3          _TRISA 0085          _TRISB 0086  
        _TRISC 0087          _TRISD 0088          _SSPIE 0463  
        _TRISE 0089          _SSPIF 0063          _SSPEN 00A5  
        _SSPOV 00A6          _WRERR 0C63          _TXREG 0019  
        _TXSTA 0098          _delay 07EA        _PSPMODE 044C  
      _SSPCON2 0091        _SSPSTAT 0094        _TOUTPS0 0093  
      _TOUTPS1 0094        _TOUTPS2 0095        _TOUTPS3 0096  
        status 0003        _delay_a 0075         ??_main 0070  
       ?_delay 0071         _ADCON0 001F         _ADCON1 009F  
       _CCP1M0 00B8         _CCP1M1 00B9         _CCP1M2 00BA  
       _CCP1M3 00BB         _CCP2M0 00E8         _CCP2M1 00E9  
       _CCP2M2 00EA         _CCP2M3 00EB         _CCP1IE 0462  
       _CCP1IF 0062         _CCP2IE 0468         _CCP2IF 0068  
       _ADRESH 001E         _EEADRH 010F         _ADRESL 009E  
       _EEADRL 010D         _EEDATA 010C         _CCPR1H 0016  
       _EEDATH 010E         _CCPR2H 001C         _CCPR1L 0015  
       _CCPR2L 001B         _EECON1 018C         _EECON2 018D  
 __end_of_main 011D         _GODONE 00FA         _CVRCON 009D  
       _T1SYNC 0082         _INTEDG 040E         _PCLATH 000A  
       _INTCON 000B         _TMR0IE 005D         _TMR0IF 005A  
       _TMR1IE 0460         _TMR1IF 0060         _TMR1CS 0081  
       _TMR2IE 0461         _TMR2IF 0061         _TMR1ON 0080  
       _OPTION 0081         _TMR2ON 0092         _SSPADD 0093  
       _TRISA0 0428         _TRISA1 0429         _TRISB0 0430  
       _TRISA2 042A         _TRISB1 0431         _TRISA3 042B  
       _TRISC0 0438         _TRISB2 0432         _TRISA4 042C  
       _TRISC1 0439         _TRISB3 0433         _TRISA5 042D  
       _TRISD0 0440         _TRISC2 043A         _TRISB4 0434  
       _TRISD1 0441         _TRISC3 043B         _TRISB5 0435  
       _TRISE0 0448         _TRISD2 0442         _TRISC4 043C  
       _TRISB6 0436         _TRISE1 0449         _TRISD3 0443  
       _TRISC5 043D         _TRISB7 0437         _TRISE2 044A  
       _TRISD4 0444         _TRISC6 043E         _TRISD5 0445  
       _TRISC7 043F         _TRISD6 0446         _TRISD7 0447  
       _STATUS 0003         _SSPCON 0014         _SSPBUF 0013  
     __Hcommon 007E      __Hrdata_0 0001      __Hramdata 0001  
     __Lcommon 007C  
