BL51 BANKED LINKER/LOCATER V6.22.2.0                                                    11/08/2019  10:51:13  PAGE 1


BL51 BANKED LINKER/LOCATER V6.22.2.0, INVOKED BY:
C:\KEIL_V5\C51\BIN\BL51.EXE .\Objects\test.obj TO .\Objects\test PRINT (.\Listings\test.m51)


MEMORY MODEL: SMALL


INPUT MODULES INCLUDED:
  .\Objects\test.obj (TEST)
  C:\KEIL_V5\C51\LIB\C51S.LIB (?C_STARTUP)


LINK MAP OF MODULE:  .\Objects\test (TEST)


            TYPE    BASE      LENGTH    RELOCATION   SEGMENT NAME
            -----------------------------------------------------

            * * * * * * *   D A T A   M E M O R Y   * * * * * * *
            REG     0000H     0008H     ABSOLUTE     "REG BANK 0"
            IDATA   0008H     0001H     UNIT         ?STACK

            * * * * * * *   C O D E   M E M O R Y   * * * * * * *
            CODE    0000H     0003H     ABSOLUTE     
                    0003H     07FDH                  *** GAP ***
            CODE    0800H     000CH     UNIT         ?C_C51STARTUP
            CODE    080CH     000BH     UNIT         ?PR?MAIN?TEST



OVERLAY MAP OF MODULE:   .\Objects\test (TEST)


SEGMENT
  +--> CALLED SEGMENT
---------------------
?C_C51STARTUP
  +--> ?PR?MAIN?TEST



SYMBOL TABLE OF MODULE:  .\Objects\test (TEST)

  VALUE           TYPE          NAME
  ----------------------------------

  -------         MODULE        TEST
  C:0000H         SYMBOL        _ICE_DUMMY_
  D:0090H         PUBLIC        P1
  B:0090H.1       PUBLIC        relay
  C:080CH         PUBLIC        main
  B:0090H.0       PUBLIC        gas
  -------         PROC          MAIN
  C:080CH         LINE#         5
  C:080CH         LINE#         6
  C:080CH         LINE#         7
  C:080CH         LINE#         8
  C:080CH         LINE#         9
BL51 BANKED LINKER/LOCATER V6.22.2.0                                                  11/08/2019  10:51:13  PAGE 2


  C:080CH         LINE#         10
  C:080FH         LINE#         11
  C:080FH         LINE#         12
  C:0811H         LINE#         13
  C:0813H         LINE#         15
  C:0813H         LINE#         16
  C:0815H         LINE#         17
  C:0815H         LINE#         18
  -------         ENDPROC       MAIN
  -------         ENDMOD        TEST

******************************************************************************
* RESTRICTED VERSION WITH 0800H BYTE CODE SIZE LIMIT; USED: 000BH BYTE ( 0%) *
******************************************************************************

Program Size: data=9.0 xdata=0 code=26
LINK/LOCATE RUN COMPLETE.  0 WARNING(S),  0 ERROR(S)
