HI-TECH Software C Compiler 

Linker command line:

--edf=C:\Program Files (x86)\HI-TECH Software\PICC\9.82\dat\en_msgs.txt -cs \
  -h+keypad.sym -z -Q16F877A -ol.obj -Mkeypad.map -E1 -ACONST=00h-0FFhx32 \
  -ACODE=00h-07FFhx4 -ASTRCODE=00h-01FFFh -AENTRY=00h-0FFhx32 \
  -ASTRING=00h-0FFhx32 -ABANK0=020h-06Fh -ABANK1=0A0h-0EFh \
  -ABANK2=0110h-016Fh -ABANK3=0190h-01EFh \
  -ARAM=020h-06Fh,0A0h-0EFh,0110h-016Fh,0190h-01EFh \
  -AABS1=020h-07Fh,0A0h-0EFh,0110h-016Fh,0190h-01EFh -ACOMMON=070h-07Fh \
  -ASFR0=00h-01Fh -ASFR1=080h-09Fh -ASFR2=0100h-010Fh -ASFR3=0180h-018Fh \
  -preset_vec=00h,intentry,init,end_init -ppowerup=CODE -pfunctab=CODE \
  -ACONFIG=02007h-02007h -pconfig=CONFIG -DCONFIG=2 -AIDLOC=02000h-02003h \
  -pidloc=IDLOC -DIDLOC=2 -AEEDATA=00h-0FFh/02100h -peeprom_data=EEDATA \
  -DEEDATA=2 -DCODE=2 -DSTRCODE=2 -DSTRING=2 -DCONST=2 -DENTRY=2 -k \
  startup.obj keypad.obj 

Object code version is 3.10

Machine type is 16F877A



                Name                               Link     Load   Length Selector   Space Scale
startup.obj     end_init                              0        0        3        0       0
keypad.obj      config                             2007     2007        1     400E       0
                text171                             52E      52E       14      A5C       0
                text170                             55B      55B       1D      AB6       0
                text169                             542      542       19      A84       0
                text168                             578      578       23      AF0       0
                text167                             59B      59B       29      B36       0
                maintext                            5C4      5C4      23C      B88       0
                cstackCOMMON                         70       70        D       70       1
                bssBANK0                             20       20        E       20       1
                cinit                               51C      51C       12      A38       0
                strings                               3        3       59        6       0

TOTAL           Name                               Link     Load   Length     Space
        CLASS   CONST          

        CLASS   CODE           
                end_init                              0        0        3         0
                text171                             52E      52E       14         0
                text170                             55B      55B       1D         0
                text169                             542      542       19         0
                text168                             578      578       23         0
                text167                             59B      59B       29         0
                maintext                            5C4      5C4      23C         0
                cinit                               51C      51C       12         0

        CLASS   STRCODE        

        CLASS   ENTRY          

        CLASS   STRING         
                strings                               3        3       59         0

        CLASS   BANK0          
                bssBANK0                             20       20        E         1

        CLASS   BANK1          

        CLASS   BANK2          

        CLASS   BANK3          

        CLASS   RAM            

        CLASS   ABS1           
                abs_s1                               7E       7E        2         1

        CLASS   COMMON         
                cstackCOMMON                         70       70        D         1

        CLASS   SFR0           

        CLASS   SFR1           

        CLASS   SFR2           

        CLASS   SFR3           

        CLASS   CONFIG         
                config                             2007     2007        1         0

        CLASS   IDLOC          

        CLASS   EEDATA         



SEGMENTS        Name                           Load    Length   Top    Selector   Space  Class     Delta

                reset_vec                      000000  000003  000003         0       0  CODE        2
                strings                        000003  000059  00005C         6       0  STRING      2
                bssBANK0                       000020  00000E  00002E        20       1  BANK0       1
                cstackCOMMON                   000070  00000D  00007D        70       1  COMMON      1
                cinit                          00051C  000012  00052E       A38       0  CODE        2
                text171                        00052E  000014  000542       A5C       0  CODE        2
                text169                        000542  000019  00055B       A84       0  CODE        2
                text170                        00055B  00001D  000578       AB6       0  CODE        2
                text168                        000578  000023  00059B       AF0       0  CODE        2
                text167                        00059B  000029  0005C4       B36       0  CODE        2
                maintext                       0005C4  00023C  000800       B88       0  CODE        2
                config                         002007  000001  002008      400E       0  CONFIG      2


UNUSED ADDRESS RANGES

        Name                Unused          Largest block    Delta
        BANK0            002E-006F             42           1
        BANK1            00A0-00EF             50           1
        BANK2            0110-016F             60           1
        BANK3            0190-01EF             60           1
        CODE             005C-051B            4C0           2
                         0800-1FFF            800
        COMMON           007D-007D              1           1
        CONST            005C-051B            100           2
                         0800-1FFF            100
        EEDATA           2100-21FF            100           2
        ENTRY            005C-051B            100           2
                         0800-1FFF            100
        IDLOC            2000-2003              4           2
        RAM              002E-006F             42           1
                         00A0-00EF             50
                         0110-016F             60
                         0190-01EF             60
        SFR0             0000-001F             20           1
        SFR1             0080-009F             20           1
        SFR2             0100-010F             10           1
        SFR3             0180-018F             10           1
        STRCODE          005C-051B            4C0           2
                         0800-1FFF           1800
        STRING           005C-051B            100           2
                         0800-1FFF            100

                                  Symbol Table

??_Delay               cstackCOMMON 0072
??_Lcd8_Command        cstackCOMMON 0072
??_Lcd8_Display        cstackCOMMON 0078
??_Lcd8_Init           cstackCOMMON 0073
??_Lcd8_Write          cstackCOMMON 0074
??_main                cstackCOMMON 007C
?_Delay                cstackCOMMON 0070
?_Lcd8_Command         cstackCOMMON 0070
?_Lcd8_Display         cstackCOMMON 0075
?_Lcd8_Init            cstackCOMMON 0070
?_Lcd8_Write           cstackCOMMON 0073
?_main                 cstackCOMMON 0070
Delay@del              cstackCOMMON 0070
Lcd8_Command@com       cstackCOMMON 0072
Lcd8_Display@Lcd_i     cstackCOMMON 007B
Lcd8_Display@com       cstackCOMMON 007A
Lcd8_Display@n         cstackCOMMON 0076
Lcd8_Display@word      cstackCOMMON 0075
Lcd8_Write@com         cstackCOMMON 0074
Lcd8_Write@lr          cstackCOMMON 0073
_CARRY                 (abs)        0018
_Delay                 text171      052E
_EEADR                 (abs)        010D
_EECON1                (abs)        018C
_EECON2                (abs)        018D
_EEDATA                (abs)        010C
_GIE                   (abs)        005F
_Lcd8_Command          text170      055B
_Lcd8_Display          text167      059B
_Lcd8_Init             text169      0542
_Lcd8_Write            text168      0578
_Lcd_en                (abs)        003D
_Lcd_rs                (abs)        003C
_PORTD                 (abs)        0008
_RD                    (abs)        0C60
_TRISB                 (abs)        0086
_TRISD                 (abs)        0088
_WR                    (abs)        0C61
_WREN                  (abs)        0C62
__Habs1                abs1         0000
__Hbank0               bank0        0000
__Hbank1               bank1        0000
__Hbank2               bank2        0000
__Hbank3               bank3        0000
__HbssBANK0            bssBANK0     0000
__Hcinit               cinit        0000
__Hclrtext             clrtext      0000
__Hcode                code         0000
__Hcommon              common       0000
__Hconfig              config       2008
__HcstackCOMMON        cstackCOMMON 0000
__Heeprom_data         eeprom_data  0000
__Hend_init            end_init     0003
__Hfunctab             functab      0000
__Hidloc               idloc        0000
__Hinit                init         0000
__Hintentry            intentry     0000
__Hmaintext            maintext     0000
__Hpowerup             powerup      0000
__Hram                 ram          0000
__Hreset_vec           reset_vec    0000
__Hsfr0                sfr0         0000
__Hsfr1                sfr1         0000
__Hsfr2                sfr2         0000
__Hsfr3                sfr3         0000
__Hstrings             strings      0000
__Htext                text         0000
__Labs1                abs1         0000
__Lbank0               bank0        0000
__Lbank1               bank1        0000
__Lbank2               bank2        0000
__Lbank3               bank3        0000
__LbssBANK0            bssBANK0     0000
__Lcinit               cinit        0000
__Lclrtext             clrtext      0000
__Lcode                code         0000
__Lcommon              common       0000
__Lconfig              config       2007
__LcstackCOMMON        cstackCOMMON 0000
__Leeprom_data         eeprom_data  0000
__Lend_init            end_init     0000
__Lfunctab             functab      0000
__Lidloc               idloc        0000
__Linit                init         0000
__Lintentry            intentry     0000
__Lmaintext            maintext     0000
__Lpowerup             powerup      0000
__Lram                 ram          0000
__Lreset_vec           reset_vec    0000
__Lsfr0                sfr0         0000
__Lsfr1                sfr1         0000
__Lsfr2                sfr2         0000
__Lsfr3                sfr3         0000
__Lstrings             strings      0000
__Ltext                text         0000
__S0                   (abs)        2008
__S1                   (abs)        007D
__S2                   (abs)        0000
__end_of_Delay         text171      0542
__end_of_Lcd8_Command  text170      0578
__end_of_Lcd8_Display  text167      05C4
__end_of_Lcd8_Init     text169      055B
__end_of_Lcd8_Write    text168      059B
__end_of_main          maintext     0800
__pbssBANK0            bssBANK0     0020
__pcstackCOMMON        cstackCOMMON 0070
__pmaintext            maintext     05C4
__pstrings             strings      0003
__ptext166             text166      0000
__ptext167             text167      059B
__ptext168             text168      0578
__ptext169             text169      0542
__ptext170             text170      055B
__ptext171             text171      052E
__ptext172             text172      0000
__size_of_Delay        (abs)        0000
__size_of_Lcd8_Command (abs)        0000
__size_of_Lcd8_Display (abs)        0000
__size_of_Lcd8_Init    (abs)        0000
__size_of_Lcd8_Write   (abs)        0000
__size_of_main         (abs)        0000
_c1                    bssBANK0     0020
_c2                    bssBANK0     0022
_c3                    bssBANK0     0024
_exit                  init         0000
_main                  maintext     05C4
_r1                    bssBANK0     0026
_r2                    bssBANK0     0028
_r3                    bssBANK0     002A
_r4                    bssBANK0     002C
btemp                  (abs)        007E
end_of_initialization  cinit        052A
intlevel0              functab      0000
intlevel1              functab      0000
intlevel2              functab      0000
intlevel3              functab      0000
intlevel4              functab      0000
intlevel5              functab      0000
reset_vec              reset_vec    0000
start                  init         0000
start_initialization   cinit        051C
wtemp0                 (abs)        007E
