

HI-TECH Software PIC LITE Macro Assembler V9.82 build 9453 
                                                                                               Fri Aug 16 09:36:37 2024

HI-TECH Software Omniscient Code Generator (Lite mode) build 9453
     1  0000                     opt subtitle "HI-TECH Software Omniscient Code Generator (Lite mode) build 9453"
     2                           
     3                           opt pagewidth 120
     4                           
     5                           	opt lm
     6                           
     7                           	processor	16F877A
     8                           clrc	macro
     9                           	bcf	3,0
    10  0000                     	endm
    11                           clrz	macro
    12                           	bcf	3,2
    13  0000                     	endm
    14                           setc	macro
    15                           	bsf	3,0
    16  0000                     	endm
    17                           setz	macro
    18                           	bsf	3,2
    19  0000                     	endm
    20                           skipc	macro
    21                           	btfss	3,0
    22  0000                     	endm
    23                           skipz	macro
    24                           	btfss	3,2
    25  0000                     	endm
    26                           skipnc	macro
    27                           	btfsc	3,0
    28  0000                     	endm
    29                           skipnz	macro
    30                           	btfsc	3,2
    31  0000                     	endm
    32  0000                     indf	equ	0
    33  0000                     indf0	equ	0
    34  0002                     pc	equ	2
    35  0002                     pcl	equ	2
    36  0003                     status	equ	3
    37  0004                     fsr	equ	4
    38  0004                     fsr0	equ	4
    39  0001                     c	equ	1
    40  0000                     z	equ	0
    41  000A                     pclath	equ	10
    42                           # 3 "E:\pic program\pic led\led.c"
    43                           	psect config,class=CONFIG,delta=2 ;#
    44                           # 3 "E:\pic program\pic led\led.c"
    45  2007  FF32               	dw 0xFFFE & 0xFFFB & 0xFFF7 & 0xFFBF & 0xFF7F & 0xFFFF & 0xFFFF & 0xFFFF ;#
    46                           	FNROOT	_main
    47                           	global	_CARRY
    48                           psect	maintext,global,class=CODE,delta=2
    49                           global __pmaintext
    50  07E3                     __pmaintext:
    51  0018                     _CARRY	set	24
    52                           	global	_GIE
    53  005F                     _GIE	set	95
    54                           	global	_RC0
    55  0038                     _RC0	set	56
    56                           	global	_RD0
    57  0040                     _RD0	set	64
    58                           	global	_RD1
    59  0041                     _RD1	set	65
    60                           	global	_TRISD
    61  0088                     _TRISD	set	136
    62                           	global	_TRISC0
    63  0438                     _TRISC0	set	1080
    64                           	global	_EEADR
    65  010D                     _EEADR	set	269
    66                           	global	_EEDATA
    67  010C                     _EEDATA	set	268
    68                           	global	_EECON1
    69  018C                     _EECON1	set	396
    70                           	global	_EECON2
    71  018D                     _EECON2	set	397
    72                           	global	_RD
    73  0C60                     _RD	set	3168
    74                           	global	_WR
    75  0C61                     _WR	set	3169
    76                           	global	_WREN
    77  0C62                     _WREN	set	3170
    78                           	file	"led.as"
    79                           	line	#
    80                           psect cinit,class=CODE,delta=2
    81                           global start_initialization
    82  07DF                     start_initialization:
    83                           
    84                           psect cinit,class=CODE,delta=2
    85                           global end_of_initialization
    86                           
    87                           ;End of C runtime variable initialization code
    88                           
    89  07DF                     end_of_initialization:
    90  07DF  0183               clrf status
    91  07E0  120A  118A  2FE3   ljmp _main	;jump to C main() function
    92                           psect	cstackCOMMON,class=COMMON,space=1
    93                           global __pcstackCOMMON
    94  0000                     __pcstackCOMMON:
    95                           	global	?_main
    96  0000                     ?_main:	; 0 bytes @ 0x0
    97                           	global	??_main
    98  0000                     ??_main:	; 0 bytes @ 0x0
    99 ;;Data sizes: Strings 0, constant 0, data 0, bss 0, persistent 0 stack 0
   100 ;;Auto spaces:   Size  Autos    Used
   101 ;; COMMON          14      0       0
   102 ;; BANK0           80      0       0
   103 ;; BANK1           80      0       0
   104 ;; BANK3           96      0       0
   105 ;; BANK2           96      0       0
   106                           
   107 ;;
   108 ;; Pointer list with targets:
   109                           
   110                           
   111                           
   112 ;;
   113 ;; Critical Paths under _main in COMMON
   114 ;;
   115 ;;   None.
   116 ;;
   117 ;; Critical Paths under _main in BANK0
   118 ;;
   119 ;;   None.
   120 ;;
   121 ;; Critical Paths under _main in BANK1
   122 ;;
   123 ;;   None.
   124 ;;
   125 ;; Critical Paths under _main in BANK3
   126 ;;
   127 ;;   None.
   128 ;;
   129 ;; Critical Paths under _main in BANK2
   130 ;;
   131 ;;   None.
   132                           
   133 ;;
   134 ;;Main: autosize = 0, tempsize = 0, incstack = 0, save=0
   135 ;;
   136                           
   137 ;;
   138 ;;Call Graph Tables:
   139 ;;
   140 ;; ---------------------------------------------------------------------------------
   141 ;; (Depth) Function   	        Calls       Base Space   Used Autos Params    Refs
   142 ;; ---------------------------------------------------------------------------------
   143 ;; (0) _main                                                 0     0      0       0
   144 ;; ---------------------------------------------------------------------------------
   145 ;; Estimated maximum stack depth 0
   146 ;; ---------------------------------------------------------------------------------
   147                           
   148 ;; Call Graph Graphs:
   149                           
   150 ;; _main (ROOT)
   151 ;;
   152                           
   153 ;; Address spaces:
   154                           
   155 ;;Name               Size   Autos  Total    Cost      Usage
   156 ;;BITCOMMON            E      0       0       0        0.0%
   157 ;;EEDATA             100      0       0       0        0.0%
   158 ;;NULL                 0      0       0       0        0.0%
   159 ;;CODE                 0      0       0       0        0.0%
   160 ;;COMMON               E      0       0       1        0.0%
   161 ;;BITSFR0              0      0       0       1        0.0%
   162 ;;SFR0                 0      0       0       1        0.0%
   163 ;;BITSFR1              0      0       0       2        0.0%
   164 ;;SFR1                 0      0       0       2        0.0%
   165 ;;STACK                0      0       0       2        0.0%
   166 ;;ABS                  0      0       0       3        0.0%
   167 ;;BITBANK0            50      0       0       4        0.0%
   168 ;;BITSFR3              0      0       0       4        0.0%
   169 ;;SFR3                 0      0       0       4        0.0%
   170 ;;BANK0               50      0       0       5        0.0%
   171 ;;BITSFR2              0      0       0       5        0.0%
   172 ;;SFR2                 0      0       0       5        0.0%
   173 ;;BITBANK1            50      0       0       6        0.0%
   174 ;;BANK1               50      0       0       7        0.0%
   175 ;;BITBANK3            60      0       0       8        0.0%
   176 ;;BANK3               60      0       0       9        0.0%
   177 ;;BITBANK2            60      0       0      10        0.0%
   178 ;;BANK2               60      0       0      11        0.0%
   179 ;;DATA                 0      0       0      12        0.0%
   180                           
   181                           	global	_main
   182                           psect	maintext
   183                           
   184 ;; *************** function _main *****************
   185 ;; Defined at:
   186 ;;		line 13 in file "E:\pic program\pic led\led.c"
   187 ;; Parameters:    Size  Location     Type
   188 ;;		None
   189 ;; Auto vars:     Size  Location     Type
   190 ;;		None
   191 ;; Return value:  Size  Location     Type
   192 ;;		None               void
   193 ;; Registers used:
   194 ;;		wreg
   195 ;; Tracked objects:
   196 ;;		On entry : 17F/0
   197 ;;		On exit  : 0/0
   198 ;;		Unchanged: 0/0
   199 ;; Data sizes:     COMMON   BANK0   BANK1   BANK3   BANK2
   200 ;;      Params:         0       0       0       0       0
   201 ;;      Locals:         0       0       0       0       0
   202 ;;      Temps:          0       0       0       0       0
   203 ;;      Totals:         0       0       0       0       0
   204 ;;Total ram usage:        0 bytes
   205 ;; This function calls:
   206 ;;		Nothing
   207 ;; This function is called by:
   208 ;;		Startup code after reset
   209 ;; This function uses a non-reentrant model
   210 ;;
   211                           psect	maintext
   212                           	file	"E:\pic program\pic led\led.c"
   213                           	line	13
   214                           	global	__size_of_main
   215  001D                     	__size_of_main	equ	__end_of_main-_main
   216                           	
   217  07E3                     _main:	
   218                           	opt	stack 8
   219                           ; Regs used in _main: [wreg]
   220                           	line	14
   221                           	
   222  07E3                     l1739:	
   223                           ;led.c: 14: TRISC0=0;
   224  07E3  1683               	bsf	status, 5	;RP0=1, select bank1
   225  07E4  1303               	bcf	status, 6	;RP1=0, select bank1
   226  07E5  1007               	bcf	(1080/8)^080h,(1080)&7
   227                           	line	15
   228                           	
   229  07E6                     l1741:	
   230                           ;led.c: 15: TRISD=0x03;
   231  07E6  3003               	movlw	(03h)
   232  07E7  0088               	movwf	(136)^080h	;volatile
   233                           	line	16
   234                           	
   235  07E8                     l1743:	
   236                           ;led.c: 16: RC0=0;
   237  07E8  1283               	bcf	status, 5	;RP0=0, select bank0
   238  07E9  1303               	bcf	status, 6	;RP1=0, select bank0
   239  07EA  1007               	bcf	(56/8),(56)&7
   240  07EB  2FEC               	goto	l1745
   241                           	line	17
   242                           ;led.c: 17: while(1)
   243                           	
   244  07EC                     l685:	
   245                           	line	19
   246                           	
   247  07EC                     l1745:	
   248                           ;led.c: 19: if(RD0==1)
   249  07EC  1C08               	btfss	(64/8),(64)&7
   250  07ED  2FEF               	goto	u11
   251  07EE  2FF0               	goto	u10
   252  07EF                     u11:
   253  07EF  2FF2               	goto	l686
   254  07F0                     u10:
   255                           	line	21
   256                           	
   257  07F0                     l1747:	
   258                           ;led.c: 20: {
   259                           ;led.c: 21: RC0=1;
   260  07F0  1407               	bsf	(56/8),(56)&7
   261                           	line	22
   262                           ;led.c: 22: }
   263  07F1  2FEC               	goto	l1745
   264                           	line	23
   265                           	
   266  07F2                     l686:	
   267                           ;led.c: 23: else if (RD1==1)
   268  07F2  1C88               	btfss	(65/8),(65)&7
   269  07F3  2FF5               	goto	u21
   270  07F4  2FF6               	goto	u20
   271  07F5                     u21:
   272  07F5  2FF8               	goto	l688
   273  07F6                     u20:
   274                           	line	25
   275                           	
   276  07F6                     l1749:	
   277                           ;led.c: 24: {
   278                           ;led.c: 25: RC0=1;
   279  07F6  1407               	bsf	(56/8),(56)&7
   280                           	line	26
   281                           ;led.c: 26: }
   282  07F7  2FEC               	goto	l1745
   283                           	line	27
   284                           	
   285  07F8                     l688:	
   286                           	line	28
   287                           ;led.c: 27: else
   288                           ;led.c: 28: RC0=0;
   289  07F8  1007               	bcf	(56/8),(56)&7
   290  07F9  2FEC               	goto	l1745
   291                           	
   292  07FA                     l689:	
   293  07FA  2FEC               	goto	l1745
   294                           	
   295  07FB                     l687:	
   296  07FB  2FEC               	goto	l1745
   297                           	
   298  07FC                     l690:	
   299                           	line	17
   300  07FC  2FEC               	goto	l1745
   301                           	
   302  07FD                     l691:	
   303                           	line	29
   304                           	
   305  07FD                     l692:	
   306                           	global	start
   307  07FD  120A  118A  2800   	ljmp	start
   308                           	opt stack 0
   309                           GLOBAL	__end_of_main
   310  0800                     	__end_of_main:
   311 ;; =============== function _main ends ============
   312                           
   313                           	signat	_main,88
   314                           psect	maintext
   315                           	global	btemp
   316  007E                     	btemp set 07Eh
   317                           
   318                           	DABS	1,126,2	;btemp
   319                           	global	wtemp0
   320  007E                     	wtemp0 set btemp


HI-TECH Software PICC Macro Assembler V9.82 build 9453 
Symbol Table                                                                                   Fri Aug 16 09:36:37 2024

                  _RD 0C60                    u10 07F0                    u11 07EF                    u20 07F6  
                  u21 07F5                    _WR 0C61                   l690 07FC                   l691 07FD  
                 l692 07FD                   l685 07EC                   l686 07F2                   l687 07FB  
                 l688 07F8                   l689 07FA                   _GIE 005F                   _RC0 0038  
                 _RD0 0040                   _RD1 0041                  l1741 07E6                  l1743 07E8  
                l1745 07EC                  l1747 07F0                  l1739 07E3                  l1749 07F6  
                _WREN 0C62                  _main 07E3                  btemp 007E                  start 0000  
               ?_main 0000                 _EEADR 010D                 _CARRY 0018                 _TRISD 0088  
               status 0003                 wtemp0 007E          __end_of_main 0800                ??_main 0000  
              _EEDATA 010C                _EECON1 018C                _EECON2 018D                _TRISC0 0438  
      __pcstackCOMMON 0000            __pmaintext 07E3  end_of_initialization 07DF   start_initialization 07DF  
       __size_of_main 001D  
