HI-TECH Software C Compiler 

Linker command line:

--edf=C:\Program Files (x86)\HI-TECH Software\PICC\9.82\dat\en_msgs.txt -cs \
  -h+segment1.sym -z -Q16F877A -ol.obj -Msegment1.map -E1 \
  -ACONST=00h-0FFhx32 -ACODE=00h-07FFhx4 -ASTRCODE=00h-01FFFh \
  -AENTRY=00h-0FFhx32 -ASTRING=00h-0FFhx32 -ABANK0=020h-06Fh \
  -ABANK1=0A0h-0EFh -ABANK2=0110h-016Fh -ABANK3=0190h-01EFh \
  -ARAM=020h-06Fh,0A0h-0EFh,0110h-016Fh,0190h-01EFh \
  -AABS1=020h-07Fh,0A0h-0EFh,0110h-016Fh,0190h-01EFh -ACOMMON=070h-07Fh \
  -ASFR0=00h-01Fh -ASFR1=080h-09Fh -ASFR2=0100h-010Fh -ASFR3=0180h-018Fh \
  -preset_vec=00h,intentry,init,end_init -ppowerup=CODE -pfunctab=CODE \
  -ACONFIG=02007h-02007h -pconfig=CONFIG -DCONFIG=2 -AIDLOC=02000h-02003h \
  -pidloc=IDLOC -DIDLOC=2 -AEEDATA=00h-0FFh/02100h -peeprom_data=EEDATA \
  -DEEDATA=2 -DCODE=2 -DSTRCODE=2 -DSTRING=2 -DCONST=2 -DENTRY=2 -k \
  startup.obj segment1.obj 

Object code version is 3.10

Machine type is 16F877A



                Name                               Link     Load   Length Selector   Space Scale
startup.obj     end_init                              0        0        3        0       0
segment1.obj    config                             2007     2007        1     400E       0
                text113                             626      626       21      C4C       0
                text112                             6AD      6AD       74      D5A       0
                text111                             647      647       66      C8E       0
                maintext                            721      721       DF      E42       0
                cstackCOMMON                         70       70        C       70       1
                inittext                            600      600       13      C00       0
                dataBANK0                            20       20        A       20       1
                bssCOMMON                            7D       7D        1       70       1
                cinit                               613      613       13      C26       0
                nvCOMMON                             7C       7C        1       70       1
                nvBANK0                              2A       2A        3       20       1
                idataBANK0                          5F6      5F6        A      BEC       0

TOTAL           Name                               Link     Load   Length     Space
        CLASS   CONST          

        CLASS   CODE           
                end_init                              0        0        3         0
                text113                             626      626       21         0
                text112                             6AD      6AD       74         0
                text111                             647      647       66         0
                maintext                            721      721       DF         0
                inittext                            600      600       13         0
                cinit                               613      613       13         0
                idataBANK0                          5F6      5F6        A         0

        CLASS   STRCODE        

        CLASS   ENTRY          

        CLASS   STRING         

        CLASS   BANK0          
                dataBANK0                            20       20        A         1
                nvBANK0                              2A       2A        3         1

        CLASS   BANK1          

        CLASS   BANK2          

        CLASS   BANK3          

        CLASS   RAM            

        CLASS   ABS1           
                abs_s1                               7E       7E        2         1

        CLASS   COMMON         
                cstackCOMMON                         70       70        C         1
                bssCOMMON                            7D       7D        1         1
                nvCOMMON                             7C       7C        1         1

        CLASS   SFR0           

        CLASS   SFR1           

        CLASS   SFR2           

        CLASS   SFR3           

        CLASS   CONFIG         
                config                             2007     2007        1         0

        CLASS   IDLOC          

        CLASS   EEDATA         



SEGMENTS        Name                           Load    Length   Top    Selector   Space  Class     Delta

                reset_vec                      000000  000003  000003         0       0  CODE        2
                dataBANK0                      000020  00000D  00002D        20       1  BANK0       1
                cstackCOMMON                   000070  00000E  00007E        70       1  COMMON      1
                idataBANK0                     0005F6  00000A  000600       BEC       0  CODE        2
                inittext                       000600  000013  000613       C00       0  CODE        2
                cinit                          000613  000013  000626       C26       0  CODE        2
                text113                        000626  000021  000647       C4C       0  CODE        2
                text111                        000647  000066  0006AD       C8E       0  CODE        2
                text112                        0006AD  000074  000721       D5A       0  CODE        2
                maintext                       000721  0000DF  000800       E42       0  CODE        2
                config                         002007  000001  002008      400E       0  CONFIG      2


UNUSED ADDRESS RANGES

        Name                Unused          Largest block    Delta
        BANK0            002D-006F             43           1
        BANK1            00A0-00EF             50           1
        BANK2            0110-016F             60           1
        BANK3            0190-01EF             60           1
        CODE             0003-05F5            5F3           2
                         0800-1FFF            800
        CONST            0003-05F5            100           2
                         0800-1FFF            100
        EEDATA           2100-21FF            100           2
        ENTRY            0003-05F5            100           2
                         0800-1FFF            100
        IDLOC            2000-2003              4           2
        RAM              002D-006F             43           1
                         00A0-00EF             50
                         0110-016F             60
                         0190-01EF             60
        SFR0             0000-001F             20           1
        SFR1             0080-009F             20           1
        SFR2             0100-010F             10           1
        SFR3             0180-018F             10           1
        STRCODE          0003-05F5            5F3           2
                         0800-1FFF           1800
        STRING           0003-05F5            100           2
                         0800-1FFF            100

                                  Symbol Table

??___awdiv            cstackCOMMON 0074
??___awmod            cstackCOMMON 0074
??_delay              cstackCOMMON 0074
??_main               cstackCOMMON 0079
?___awdiv             cstackCOMMON 0070
?___awmod             cstackCOMMON 0070
?_delay               cstackCOMMON 0070
?_main                cstackCOMMON 0070
_CARRY                (abs)        0018
_EEADR                (abs)        010D
_EECON1               (abs)        018C
_EECON2               (abs)        018D
_EEDATA               (abs)        010C
_GIE                  (abs)        005F
_PORTB                (abs)        0006
_RC0                  (abs)        0038
_RC1                  (abs)        0039
_RD                   (abs)        0C60
_TRISB                (abs)        0086
_TRISC                (abs)        0087
_WR                   (abs)        0C61
_WREN                 (abs)        0C62
__Habs1               abs1         0000
__Hbank0              bank0        0000
__Hbank1              bank1        0000
__Hbank2              bank2        0000
__Hbank3              bank3        0000
__HbssCOMMON          bssCOMMON    0000
__Hcinit              cinit        0000
__Hclrtext            clrtext      0000
__Hcode               code         0000
__Hcommon             common       0000
__Hconfig             config       2008
__HcstackCOMMON       cstackCOMMON 0000
__HdataBANK0          dataBANK0    0000
__Heeprom_data        eeprom_data  0000
__Hend_init           end_init     0003
__Hfunctab            functab      0000
__HidataBANK0         idataBANK0   0000
__Hidloc              idloc        0000
__Hinit               init         0000
__Hinittext           inittext     0000
__Hintentry           intentry     0000
__Hmaintext           maintext     0000
__HnvBANK0            nvBANK0      0000
__HnvCOMMON           nvCOMMON     0000
__Hpowerup            powerup      0000
__Hram                ram          0000
__Hreset_vec          reset_vec    0000
__Hsfr0               sfr0         0000
__Hsfr1               sfr1         0000
__Hsfr2               sfr2         0000
__Hsfr3               sfr3         0000
__Hstrings            strings      0000
__Htext               text         0000
__Labs1               abs1         0000
__Lbank0              bank0        0000
__Lbank1              bank1        0000
__Lbank2              bank2        0000
__Lbank3              bank3        0000
__LbssCOMMON          bssCOMMON    0000
__Lcinit              cinit        0000
__Lclrtext            clrtext      0000
__Lcode               code         0000
__Lcommon             common       0000
__Lconfig             config       2007
__LcstackCOMMON       cstackCOMMON 0000
__LdataBANK0          dataBANK0    0000
__Leeprom_data        eeprom_data  0000
__Lend_init           end_init     0000
__Lfunctab            functab      0000
__LidataBANK0         idataBANK0   0000
__Lidloc              idloc        0000
__Linit               init         0000
__Linittext           inittext     0000
__Lintentry           intentry     0000
__Lmaintext           maintext     0000
__LnvBANK0            nvBANK0      0000
__LnvCOMMON           nvCOMMON     0000
__Lpowerup            powerup      0000
__Lram                ram          0000
__Lreset_vec          reset_vec    0000
__Lsfr0               sfr0         0000
__Lsfr1               sfr1         0000
__Lsfr2               sfr2         0000
__Lsfr3               sfr3         0000
__Lstrings            strings      0000
__Ltext               text         0000
__S0                  (abs)        2008
__S1                  (abs)        007E
__S2                  (abs)        0000
___awdiv              text112      06AD
___awdiv@counter      cstackCOMMON 0075
___awdiv@dividend     cstackCOMMON 0072
___awdiv@divisor      cstackCOMMON 0070
___awdiv@quotient     cstackCOMMON 0077
___awdiv@sign         cstackCOMMON 0076
___awmod              text111      0647
___awmod@counter      cstackCOMMON 0075
___awmod@dividend     cstackCOMMON 0072
___awmod@divisor      cstackCOMMON 0070
___awmod@sign         cstackCOMMON 0076
__end_of___awdiv      text112      0721
__end_of___awmod      text111      06AD
__end_of_delay        text113      0647
__end_of_main         maintext     0800
__pbssCOMMON          bssCOMMON    007D
__pcstackCOMMON       cstackCOMMON 0070
__pdataBANK0          dataBANK0    0020
__pidataBANK0         idataBANK0   05F6
__pmaintext           maintext     0721
__pnvBANK0            nvBANK0      002A
__pnvCOMMON           nvCOMMON     007C
__ptext111            text111      0647
__ptext112            text112      06AD
__ptext113            text113      0626
__ptext114            text114      0000
__size_of___awdiv     (abs)        0000
__size_of___awmod     (abs)        0000
__size_of_delay       (abs)        0000
__size_of_main        (abs)        0000
_delay                text113      0626
_digit                dataBANK0    0020
_exit                 init         0000
_i                    nvBANK0      002A
_main                 maintext     0721
_value1               nvCOMMON     007C
_value2               nvBANK0      002C
_var                  bssCOMMON    007D
btemp                 (abs)        007E
delay@k               cstackCOMMON 0070
end_of_initialization cinit        0622
init_fetch            inittext     0600
init_ram              inittext     0604
intlevel0             functab      0000
intlevel1             functab      0000
intlevel2             functab      0000
intlevel3             functab      0000
intlevel4             functab      0000
intlevel5             functab      0000
reset_vec             reset_vec    0000
start                 init         0000
start_initialization  cinit        0613
wtemp0                (abs)        007E
