Microchip MPLAB XC8 Compiler V2.46

Linker command line:

-W-3 \
  --edf=C:\Program Files\Microchip\xc8\v2.46\pic\dat\20240104201356_en.msgs \
  -cn -h+dist/default/production\Lcd_twonumadd_program.X.production.sym \
  --cmf=dist/default/production\Lcd_twonumadd_program.X.production.cmf -z \
  -Q16F877A -oC:\Users\akash\AppData\Local\Temp\xcAsf44.\driver_tmp_3.o \
  --defsym=__MPLAB_BUILD=1 --fixupoverflow=error \
  -Mdist/default/production/Lcd_twonumadd_program.X.production.map \
  --md=C:\Users\akash\AppData\Local\Temp\xcAsf44.\driver_tmp_0.dat -E1 \
  -ver=XC8 Compiler --acfsm=1493 -ACODE=00h-07FFhx4 -ASTRCODE=00h-01FFFh \
  -ASTRING=00h-0FFhx32 -ACONST=00h-0FFhx32 -AENTRY=00h-0FFhx32 \
  -ACOMMON=070h-07Fh -ABANK0=020h-06Fh -ABANK1=0A0h-0EFh \
  -ABANK2=0110h-016Fh -ABANK3=0190h-01EFh \
  -ARAM=020h-06Fh,0A0h-0EFh,0110h-016Fh,0190h-01EFh \
  -AABS1=020h-07Fh,0A0h-0EFh,0110h-016Fh,0190h-01EFh -ASFR0=00h-01Fh \
  -ASFR1=080h-09Fh -ASFR2=0100h-010Fh -ASFR3=0180h-018Fh \
  -ACONFIG=02007h-02007h -DCONFIG=2 -AIDLOC=02000h-02003h -DIDLOC=2 \
  -AEEDATA=00h-0FFh/02100h -peeprom_data=EEDATA -DEEDATA=2 -DCODE=2 \
  -DSTRCODE=2 -DSTRING=2 -DCONST=2 -DENTRY=2 \
  -preset_vec=00h,intentry,sivt,init,end_init -ppowerup=CODE -pcinit=CODE \
  -pfunctab=ENTRY -k \
  C:\Users\akash\AppData\Local\Temp\xcAsf44.\driver_tmp_12.o \
  dist/default/production\Lcd_twonumadd_program.X.production.o 

Object code version is 3.11

Machine type is 16F877A



                Name                               Link     Load   Length Selector   Space Scale
C:\Users\akash\AppData\Local\Temp\xcAsf44.\driver_tmp_12.o
                end_init                              0        0        3        0       0
                config                             2007     2007        1        0       4
dist/default/production\Lcd_twonumadd_program.X.production.o
                cinit                               7F3      7F3        D      FE6       0
                config                             2007     2007        1        0       4
                text6                               63D      63D       14      C7A       0
                text5                               651      651       15      CA2       0
                text4                               67D      67D       44      CFA       0
                text3                               78A      78A       69      F14       0
                text2                               666      666       17      CCC       0
                text1                               723      723       67      E46       0
                maintext                            6C1      6C1       62      D82       0
                cstackCOMMON                         70       70        E       70       1
                clrtext                             635      635        8      C6A       0
                bssBANK0                             20       20       1A       20       1

TOTAL           Name                               Link     Load   Length     Space
        CLASS   CODE           
                end_init                              0        0        3         0
                cinit                               7F3      7F3        D         0
                text6                               63D      63D       14         0
                text5                               651      651       15         0
                text4                               67D      67D       44         0
                text3                               78A      78A       69         0
                text2                               666      666       17         0
                text1                               723      723       67         0
                maintext                            6C1      6C1       62         0
                clrtext                             635      635        8         0

        CLASS   STRCODE        

        CLASS   STRING         

        CLASS   CONST          

        CLASS   ENTRY          

        CLASS   COMMON         
                cstackCOMMON                         70       70        E         1

        CLASS   BANK0          
                bssBANK0                             20       20       1A         1

        CLASS   BANK1          

        CLASS   BANK2          

        CLASS   BANK3          

        CLASS   RAM            

        CLASS   ABS1           
                abs_s1                               7E       7E        2         1

        CLASS   SFR0           

        CLASS   SFR1           

        CLASS   SFR2           

        CLASS   SFR3           

        CLASS   CONFIG         
                config                             2007     2007        1         4

        CLASS   IDLOC          

        CLASS   EEDATA         

        CLASS   HEAP           

        CLASS   STACK          



SEGMENTS        Name                           Load    Length   Top    Selector   Space  Class     Delta

                reset_vec                      000000  000003  000003         0       0  CODE        2
                bssBANK0                       000020  00001A  00003A        20       1  BANK0       1
                cstackCOMMON                   000070  00000E  00007E        70       1  COMMON      1
                clrtext                        000635  000008  00063D       C6A       0  CODE        2
                text6                          00063D  000014  000651       C7A       0  CODE        2
                text5                          000651  000015  000666       CA2       0  CODE        2
                text2                          000666  000017  00067D       CCC       0  CODE        2
                text4                          00067D  000044  0006C1       CFA       0  CODE        2
                maintext                       0006C1  000062  000723       D82       0  CODE        2
                text1                          000723  000067  00078A       E46       0  CODE        2
                text3                          00078A  000069  0007F3       F14       0  CODE        2
                cinit                          0007F3  00000D  000800       FE6       0  CODE        2


UNUSED ADDRESS RANGES

        Name                Unused          Largest block    Delta
        BANK0            003A-006F             36           1
        BANK1            00A0-00EF             50           1
        BANK2            0110-016F             60           1
        BANK3            0190-01EF             60           1
        CODE             0003-0634            632           2
                         0800-1FFF            800
        CONST            0003-0634            100           2
                         0800-1FFF            100
        EEDATA           2100-21FF            100           2
        ENTRY            0003-0634            100           2
                         0800-1FFF            100
        IDLOC            2000-2003              4           2
        RAM              003A-006F             36           1
                         00A0-00EF             50
                         0110-016F             60
                         0190-01EF             60
        SFR0             0000-001F             20           1
        SFR1             0080-009F             20           1
        SFR2             0100-010F             10           1
        SFR3             0180-018F             10           1
        STRCODE          0003-0634            632           2
                         0800-1FFF           1800
        STRING           0003-0634            100           2
                         0800-1FFF            100

                                  Symbol Table

?___lwdiv                cstackCOMMON 0070
Lcd_Command@i            cstackCOMMON 0072
Lcd_Data@i               cstackCOMMON 0072
Lcdoutput@i              cstackCOMMON 007A
Lcdoutput@j              cstackCOMMON 007D
Lcdoutput@s              cstackCOMMON 007C
_Equal                   bssBANK0     0037
_Lcd_Command             text2        0666
_Lcd_Data                text6        063D
_Lcdoutput               text3        078A
_PORTC                   (abs)        0007
_PORTD                   (abs)        0008
_TRISC                   (abs)        0087
_TRISD                   (abs)        0088
__H__absolute__          __absolute__ 0000
__Habs1                  abs1         0000
__Hbank0                 bank0        0000
__Hbank1                 bank1        0000
__Hbank2                 bank2        0000
__Hbank3                 bank3        0000
__HbssBANK0              bssBANK0     0000
__Hcinit                 cinit        0800
__Hclrtext               clrtext      0000
__Hcode                  code         0000
__Hcommon                common       0000
__Hconfig                config       2008
__HcstackCOMMON          cstackCOMMON 0000
__Heeprom_data           eeprom_data  0000
__Hend_init              end_init     0003
__Hfunctab               functab      0000
__Hheap                  heap         0000
__Hinit                  init         0000
__Hintentry              intentry     0000
__Hmaintext              maintext     0000
__Hpowerup               powerup      0000
__Hram                   ram          0000
__Hreset_vec             reset_vec    0000
__Hsfr0                  sfr0         0000
__Hsfr1                  sfr1         0000
__Hsfr2                  sfr2         0000
__Hsfr3                  sfr3         0000
__Hsivt                  sivt         0000
__Hspace_0               (abs)        0800
__Hspace_1               (abs)        007E
__Hspace_2               (abs)        0000
__Hspace_3               (abs)        0000
__Hspace_4               (abs)        400F
__Hstack                 stack        0000
__Hstrings               strings      0000
__Htext                  text         0000
__L__absolute__          __absolute__ 0000
__Labs1                  abs1         0000
__Lbank0                 bank0        0000
__Lbank1                 bank1        0000
__Lbank2                 bank2        0000
__Lbank3                 bank3        0000
__LbssBANK0              bssBANK0     0000
__Lcinit                 cinit        07F3
__Lclrtext               clrtext      0000
__Lcode                  code         0000
__Lcommon                common       0000
__Lconfig                config       0000
__LcstackCOMMON          cstackCOMMON 0000
__Leeprom_data           eeprom_data  0000
__Lend_init              end_init     0000
__Lfunctab               functab      0000
__Lheap                  heap         0000
__Linit                  init         0000
__Lintentry              intentry     0000
__Lmaintext              maintext     0000
__Lpowerup               powerup      0000
__Lram                   ram          0000
__Lreset_vec             reset_vec    0000
__Lsfr0                  sfr0         0000
__Lsfr1                  sfr1         0000
__Lsfr2                  sfr2         0000
__Lsfr3                  sfr3         0000
__Lsivt                  sivt         0000
__Lspace_0               (abs)        0000
__Lspace_1               (abs)        0000
__Lspace_2               (abs)        0000
__Lspace_3               (abs)        0000
__Lspace_4               (abs)        0000
__Lstack                 stack        0000
__Lstrings               strings      0000
__Ltext                  text         0000
__S0                     (abs)        0800
__S1                     (abs)        007E
__S3                     (abs)        0000
___bmul                  text5        0651
___bmul@multiplicand     cstackCOMMON 0077
___bmul@multiplier       cstackCOMMON 0079
___bmul@product          cstackCOMMON 0078
___heap_hi               (abs)        0000
___heap_lo               (abs)        0000
___int_sp                stack        0000
___int_stack_hi          stack        0000
___int_stack_lo          stack        0000
___latbits               (abs)        0002
___lwdiv                 text4        067D
___lwdiv@counter         cstackCOMMON 0076
___lwdiv@dividend        cstackCOMMON 0072
___lwdiv@divisor         cstackCOMMON 0070
___lwdiv@quotient        cstackCOMMON 0074
___sp                    stack        0000
___stack_hi              stack        0000
___stack_lo              stack        0000
___stackhi               (abs)        0000
___stacklo               (abs)        0000
__end_of_Lcd_Command     text2        067D
__end_of_Lcd_Data        text6        0651
__end_of_Lcdoutput       text3        07F3
__end_of___bmul          text5        0666
__end_of___lwdiv         text4        06C1
__end_of__initialization cinit        07FC
__end_of_init            text1        078A
__end_of_main            maintext     0723
__initialization         cinit        07F3
__pbssBANK0              bssBANK0     0020
__pcstackCOMMON          cstackCOMMON 0070
__pmaintext              maintext     06C1
__ptext1                 text1        0723
__ptext2                 text2        0666
__ptext3                 text3        078A
__ptext4                 text4        067D
__ptext5                 text5        0651
__ptext6                 text6        063D
_init                    text1        0723
_k                       bssBANK0     0020
_m                       bssBANK0     002C
_main                    maintext     06C1
_n                       bssBANK0     002A
_num1                    bssBANK0     0034
_num2                    bssBANK0     0032
_plus                    bssBANK0     0036
_sum                     bssBANK0     0030
btemp                    (abs)        007E
clear_ram0               clrtext      0635
end_of_initialization    cinit        07FC
intlevel0                functab      0000
intlevel1                functab      0000
intlevel2                functab      0000
intlevel3                functab      0000
intlevel4                functab      0000
intlevel5                functab      0000
reset_vec                reset_vec    0000
start                    init         0000
start_initialization     cinit        07F3
wtemp0                   (abs)        007E


MODULE INFORMATION

Module		Function		Class		Link	Load	Size
C:\Program Files\Microchip\xc8\v2.46\pic\sources\c99\common\lwdiv.c
		___lwdiv       		CODE           	067D	0000	68

C:\Program Files\Microchip\xc8\v2.46\pic\sources\c99\common\lwdiv.c estimated size: 68

C:\Program Files\Microchip\xc8\v2.46\pic\sources\c99\common\Umul8.c
		___bmul        		CODE           	0651	0000	21

C:\Program Files\Microchip\xc8\v2.46\pic\sources\c99\common\Umul8.c estimated size: 21

shared
		__initialization		CODE           	07F3	0000	9

shared estimated size: 9

Lcd_twonumadd_program.c
		_init          		CODE           	0723	0000	103
		_Lcd_Command   		CODE           	0666	0000	23
		_main          		CODE           	06C1	0000	98
		_Lcd_Data      		CODE           	063D	0000	20
		_Lcdoutput     		CODE           	078A	0000	105

Lcd_twonumadd_program.c estimated size: 349

