Microchip MPLAB XC8 Compiler V2.46

Linker command line:

-W-3 \
  --edf=C:\Program Files\Microchip\xc8\v2.46\pic\dat\20240104201356_en.msgs \
  -cn \
  -h+dist/default/production\Lcd_batt_check_task_program.X.production.sym \
  --cmf=dist/default/production\Lcd_batt_check_task_program.X.production.cmf \
  -z -Q16F877A -oC:\Users\akash\AppData\Local\Temp\xcAsc10.\driver_tmp_3.o \
  --defsym=__MPLAB_BUILD=1 --fixupoverflow=error \
  -Mdist/default/production/Lcd_batt_check_task_program.X.production.map \
  --md=C:\Users\akash\AppData\Local\Temp\xcAsc10.\driver_tmp_0.dat -E1 \
  -ver=XC8 Compiler --acfsm=1493 -ACODE=00h-07FFhx4 -ASTRCODE=00h-01FFFh \
  -ASTRING=00h-0FFhx32 -ACONST=00h-0FFhx32 -AENTRY=00h-0FFhx32 \
  -ACOMMON=070h-07Fh -ABANK0=020h-06Fh -ABANK1=0A0h-0EFh \
  -ABANK2=0110h-016Fh -ABANK3=0190h-01EFh \
  -ARAM=020h-06Fh,0A0h-0EFh,0110h-016Fh,0190h-01EFh \
  -AABS1=020h-07Fh,0A0h-0EFh,0110h-016Fh,0190h-01EFh -ASFR0=00h-01Fh \
  -ASFR1=080h-09Fh -ASFR2=0100h-010Fh -ASFR3=0180h-018Fh \
  -ACONFIG=02007h-02007h -DCONFIG=2 -AIDLOC=02000h-02003h -DIDLOC=2 \
  -AEEDATA=00h-0FFh/02100h -peeprom_data=EEDATA -DEEDATA=2 -DCODE=2 \
  -DSTRCODE=2 -DSTRING=2 -DCONST=2 -DENTRY=2 \
  -preset_vec=00h,intentry,sivt,init,end_init -ppowerup=CODE -pcinit=CODE \
  -pfunctab=ENTRY -k dist/default/production\startup.o \
  dist/default/production\Lcd_batt_check_task_program.X.production.o 

Object code version is 3.11

Machine type is 16F877A



                Name                               Link     Load   Length Selector   Space Scale
dist/default/production\startup.o
                end_init                              0        0        3        0       0
                config                             2007     2007        1        0       4
dist/default/production\Lcd_batt_check_task_program.X.production.o
                cinit                               7D8      7D8       28      FB0       0
                config                             2007     2007        1        0       4
                text8                               477      477       18      8EE       0
                text7                               534      534       7F      A68       0
                text6                               44D      44D       15      89A       0
                text5                               462      462       15      8C4       0
                text4                               4F0      4F0       44      9E0       0
                text3                               4CB      4CB       25      996       0
                text2                               5B3      5B3       98      B66       0
                text1                               64B      64B      18D      C96       0
                maintext                            42C      42C        E      858       0
                cstackBANK0                          4E       4E        5       20       1
                cstackCOMMON                         70       70        D       70       1
                clrtext                             424      424        8      848       0
                inittext                            43A      43A       13      874       0
                dataBANK1                            A0       A0       1E       A0       1
                dataBANK0                            20       20       1E       20       1
                bssBANK0                             3E       3E       10       20       1
                bssCOMMON                            7D       7D        1       70       1
                idataBANK1                          48F      48F       1E      91E       0
                idataBANK0                          4AD      4AD       1E      95A       0

TOTAL           Name                               Link     Load   Length     Space
        CLASS   CODE           
                end_init                              0        0        3         0
                cinit                               7D8      7D8       28         0
                text8                               477      477       18         0
                text7                               534      534       7F         0
                text6                               44D      44D       15         0
                text5                               462      462       15         0
                text4                               4F0      4F0       44         0
                text3                               4CB      4CB       25         0
                text2                               5B3      5B3       98         0
                text1                               64B      64B      18D         0
                maintext                            42C      42C        E         0
                clrtext                             424      424        8         0
                inittext                            43A      43A       13         0
                idataBANK1                          48F      48F       1E         0
                idataBANK0                          4AD      4AD       1E         0

        CLASS   STRCODE        

        CLASS   STRING         

        CLASS   CONST          

        CLASS   ENTRY          

        CLASS   COMMON         
                cstackCOMMON                         70       70        D         1
                bssCOMMON                            7D       7D        1         1

        CLASS   BANK0          
                cstackBANK0                          4E       4E        5         1
                dataBANK0                            20       20       1E         1
                bssBANK0                             3E       3E       10         1

        CLASS   BANK1          
                dataBANK1                            A0       A0       1E         1

        CLASS   BANK2          

        CLASS   BANK3          

        CLASS   RAM            

        CLASS   ABS1           
                abs_s1                               7E       7E        2         1

        CLASS   SFR0           

        CLASS   SFR1           

        CLASS   SFR2           

        CLASS   SFR3           

        CLASS   CONFIG         
                config                             2007     2007        1         4

        CLASS   IDLOC          

        CLASS   EEDATA         

        CLASS   HEAP           

        CLASS   STACK          



SEGMENTS        Name                           Load    Length   Top    Selector   Space  Class     Delta

                reset_vec                      000000  000003  000003         0       0  CODE        2
                dataBANK0                      000020  000033  000053        20       1  BANK0       1
                cstackCOMMON                   000070  00000E  00007E        70       1  COMMON      1
                dataBANK1                      0000A0  00001E  0000BE        A0       1  BANK1       1
                clrtext                        000424  000008  00042C       848       0  CODE        2
                maintext                       00042C  00000E  00043A       858       0  CODE        2
                inittext                       00043A  000013  00044D       874       0  CODE        2
                text6                          00044D  000015  000462       89A       0  CODE        2
                text5                          000462  000015  000477       8C4       0  CODE        2
                text8                          000477  000018  00048F       8EE       0  CODE        2
                idataBANK1                     00048F  00001E  0004AD       91E       0  CODE        2
                idataBANK0                     0004AD  00001E  0004CB       95A       0  CODE        2
                text3                          0004CB  000025  0004F0       996       0  CODE        2
                text4                          0004F0  000044  000534       9E0       0  CODE        2
                text7                          000534  00007F  0005B3       A68       0  CODE        2
                text2                          0005B3  000098  00064B       B66       0  CODE        2
                text1                          00064B  00018D  0007D8       C96       0  CODE        2
                cinit                          0007D8  000028  000800       FB0       0  CODE        2


UNUSED ADDRESS RANGES

        Name                Unused          Largest block    Delta
        BANK0            0053-006F             1D           1
        BANK1            00BE-00EF             32           1
        BANK2            0110-016F             60           1
        BANK3            0190-01EF             60           1
        CODE             0003-0423            421           2
                         0800-1FFF            800
        CONST            0003-0423            100           2
                         0800-1FFF            100
        EEDATA           2100-21FF            100           2
        ENTRY            0003-0423            100           2
                         0800-1FFF            100
        IDLOC            2000-2003              4           2
        RAM              0053-006F             1D           1
                         00BE-00EF             32
                         0110-016F             60
                         0190-01EF             60
        SFR0             0000-001F             20           1
        SFR1             0080-009F             20           1
        SFR2             0100-010F             10           1
        SFR3             0180-018F             10           1
        STRCODE          0003-0423            421           2
                         0800-1FFF           1800
        STRING           0003-0423            100           2
                         0800-1FFF            100

                                  Symbol Table

?___lwdiv                cstackCOMMON 0076
?___wmul                 cstackCOMMON 0070
Lcd_Command@i            cstackCOMMON 0072
Lcd_Data@i               cstackCOMMON 0072
Lcdoutput@i              cstackBANK0  004E
_Lcd_Command             text8        0477
_Lcd_Data                text6        044D
_Lcdoutput               text2        05B3
_OPTION_REG              (abs)        0081
_PORTB                   (abs)        0006
_PORTC                   (abs)        0007
_PORTD                   (abs)        0008
_TRISB                   (abs)        0086
_TRISC                   (abs)        0087
_TRISD                   (abs)        0088
__H__absolute__          __absolute__ 0000
__Habs1                  abs1         0000
__Hbank0                 bank0        0000
__Hbank1                 bank1        0000
__Hbank2                 bank2        0000
__Hbank3                 bank3        0000
__HbssBANK0              bssBANK0     0000
__HbssCOMMON             bssCOMMON    0000
__Hcinit                 cinit        0800
__Hclrtext               clrtext      0000
__Hcode                  code         0000
__Hcommon                common       0000
__Hconfig                config       2008
__HcstackBANK0           cstackBANK0  0000
__HcstackCOMMON          cstackCOMMON 0000
__HdataBANK0             dataBANK0    0000
__HdataBANK1             dataBANK1    0000
__Heeprom_data           eeprom_data  0000
__Hend_init              end_init     0003
__Hfunctab               functab      0000
__Hheap                  heap         0000
__HidataBANK0            idataBANK0   0000
__HidataBANK1            idataBANK1   0000
__Hinit                  init         0000
__Hinittext              inittext     0000
__Hintentry              intentry     0000
__Hmaintext              maintext     0000
__Hpowerup               powerup      0000
__Hram                   ram          0000
__Hreset_vec             reset_vec    0000
__Hsfr0                  sfr0         0000
__Hsfr1                  sfr1         0000
__Hsfr2                  sfr2         0000
__Hsfr3                  sfr3         0000
__Hsivt                  sivt         0000
__Hspace_0               (abs)        0800
__Hspace_1               (abs)        00BE
__Hspace_2               (abs)        0000
__Hspace_3               (abs)        0000
__Hspace_4               (abs)        400F
__Hstack                 stack        0000
__Hstrings               strings      0000
__Htext                  text         0000
__L__absolute__          __absolute__ 0000
__Labs1                  abs1         0000
__Lbank0                 bank0        0000
__Lbank1                 bank1        0000
__Lbank2                 bank2        0000
__Lbank3                 bank3        0000
__LbssBANK0              bssBANK0     0000
__LbssCOMMON             bssCOMMON    0000
__Lcinit                 cinit        07D8
__Lclrtext               clrtext      0000
__Lcode                  code         0000
__Lcommon                common       0000
__Lconfig                config       0000
__LcstackBANK0           cstackBANK0  0000
__LcstackCOMMON          cstackCOMMON 0000
__LdataBANK0             dataBANK0    0000
__LdataBANK1             dataBANK1    0000
__Leeprom_data           eeprom_data  0000
__Lend_init              end_init     0000
__Lfunctab               functab      0000
__Lheap                  heap         0000
__LidataBANK0            idataBANK0   0000
__LidataBANK1            idataBANK1   0000
__Linit                  init         0000
__Linittext              inittext     0000
__Lintentry              intentry     0000
__Lmaintext              maintext     0000
__Lpowerup               powerup      0000
__Lram                   ram          0000
__Lreset_vec             reset_vec    0000
__Lsfr0                  sfr0         0000
__Lsfr1                  sfr1         0000
__Lsfr2                  sfr2         0000
__Lsfr3                  sfr3         0000
__Lsivt                  sivt         0000
__Lspace_0               (abs)        0000
__Lspace_1               (abs)        0000
__Lspace_2               (abs)        0000
__Lspace_3               (abs)        0000
__Lspace_4               (abs)        0000
__Lstack                 stack        0000
__Lstrings               strings      0000
__Ltext                  text         0000
__S0                     (abs)        0800
__S1                     (abs)        00BE
__S3                     (abs)        0000
___bmul                  text5        0462
___bmul@multiplicand     cstackCOMMON 0070
___bmul@multiplier       cstackCOMMON 0072
___bmul@product          cstackCOMMON 0071
___heap_hi               (abs)        0000
___heap_lo               (abs)        0000
___int_sp                stack        0000
___int_stack_hi          stack        0000
___int_stack_lo          stack        0000
___latbits               (abs)        0002
___lwdiv                 text4        04F0
___lwdiv@counter         cstackCOMMON 007C
___lwdiv@dividend        cstackCOMMON 0078
___lwdiv@divisor         cstackCOMMON 0076
___lwdiv@quotient        cstackCOMMON 007A
___sp                    stack        0000
___stack_hi              stack        0000
___stack_lo              stack        0000
___stackhi               (abs)        0000
___stacklo               (abs)        0000
___wmul                  text3        04CB
___wmul@multiplicand     cstackCOMMON 0072
___wmul@multiplier       cstackCOMMON 0070
___wmul@product          cstackCOMMON 0074
__end_of_Lcd_Command     text8        048F
__end_of_Lcd_Data        text6        0462
__end_of_Lcdoutput       text2        064B
__end_of___bmul          text5        0477
__end_of___lwdiv         text4        0534
__end_of___wmul          text3        04F0
__end_of__initialization cinit        07FC
__end_of_init            text7        05B3
__end_of_keyscane        text1        07D8
__end_of_main            maintext     043A
__initialization         cinit        07D8
__pbssBANK0              bssBANK0     003E
__pbssCOMMON             bssCOMMON    007D
__pcstackBANK0           cstackBANK0  004E
__pcstackCOMMON          cstackCOMMON 0070
__pdataBANK0             dataBANK0    0020
__pdataBANK1             dataBANK1    00A0
__pidataBANK0            idataBANK0   04AD
__pidataBANK1            idataBANK1   048F
__pmaintext              maintext     042C
__ptext1                 text1        064B
__ptext2                 text2        05B3
__ptext3                 text3        04CB
__ptext4                 text4        04F0
__ptext5                 text5        0462
__ptext6                 text6        044D
__ptext7                 text7        0534
__ptext8                 text8        0477
_a                       dataBANK0    0020
_d2                      bssBANK0     0044
_d3                      bssBANK0     0046
_d4                      bssBANK0     0048
_init                    text7        0534
_j                       bssBANK0     003E
_k                       dataBANK1    00A0
_keyscane                text1        064B
_main                    maintext     042C
_p                       bssBANK0     004A
_value                   bssBANK0     004B
_x                       bssBANK0     004D
btemp                    (abs)        007E
clear_ram0               clrtext      0424
end_of_initialization    cinit        07FC
init_fetch0              inittext     043A
init_ram0                inittext     043E
intlevel0                functab      0000
intlevel1                functab      0000
intlevel2                functab      0000
intlevel3                functab      0000
intlevel4                functab      0000
intlevel5                functab      0000
reset_vec                reset_vec    0000
start                    init         0000
start_initialization     cinit        07D8
wtemp0                   (abs)        007E


MODULE INFORMATION

Module		Function		Class		Link	Load	Size
C:\Program Files\Microchip\xc8\v2.46\pic\sources\c99\common\lwdiv.c
		___lwdiv       		CODE           	04F0	0000	68

C:\Program Files\Microchip\xc8\v2.46\pic\sources\c99\common\lwdiv.c estimated size: 68

C:\Program Files\Microchip\xc8\v2.46\pic\sources\c99\common\Umul8.c
		___bmul        		CODE           	0462	0000	21

C:\Program Files\Microchip\xc8\v2.46\pic\sources\c99\common\Umul8.c estimated size: 21

Lcd_batt_check_task_program.c
		_init          		CODE           	0534	0000	127
		_Lcd_Command   		CODE           	0477	0000	24
		_main          		CODE           	042C	0000	14
		_Lcd_Data      		CODE           	044D	0000	21
		_keyscane      		CODE           	064B	0000	397
		_Lcdoutput     		CODE           	05B3	0000	152

Lcd_batt_check_task_program.c estimated size: 735

shared
		__initialization		CODE           	07D8	0000	36

shared estimated size: 36

C:\Program Files\Microchip\xc8\v2.46\pic\sources\c99\common\Umul16.c
		___wmul        		CODE           	04CB	0000	37

C:\Program Files\Microchip\xc8\v2.46\pic\sources\c99\common\Umul16.c estimated size: 37

